******************************************************************************
                  TI ARM Linker Unix v15.12.3                  
******************************************************************************
>> Linked Fri Nov 11 14:22:34 2016

OUTPUT FILE NAME:   <haha.out>
ENTRY POINT SYMBOL: "_c_int00"  address: 000080f9


MEMORY CONFIGURATION

         name            origin    length      used     unused   attr    fill
----------------------  --------  ---------  --------  --------  ----  --------
  MAIN                  00000000   00040000  0000d5dd  00032a23  R  X
  INFO                  00200000   00004000  00000000  00004000  R  X
  SRAM_CODE             01000000   00010000  00000000  00010000  RW X
  SRAM_DATA             20000000   00010000  00002589  0000da77  RW  


SEGMENT ALLOCATION MAP

run origin  load origin   length   init length attrs members
----------  ----------- ---------- ----------- ----- -------
00000000    00000000    0000d5ec   0000d5ec    r-x
  00000000    00000000    0000003c   0000003c    r-- .resetVecs
  00000040    00000040    0000a7ea   0000a7ea    r-x .text
  0000a830    0000a830    0000293b   0000293b    r-- .const
  0000d170    0000d170    0000047c   0000047c    r-- .cinit
20000000    20000000    00000140   00000000    rw-
  20000000    20000000    00000140   00000000    rw- .vecs
20000180    20000180    00002149   00000000    rw-
  20000180    20000180    00001a44   00000000    rw- .bss
  20001bc4    20001bc4    00000705   00000000    rw- .data
2000fd00    2000fd00    00000300   00000000    rw-
  2000fd00    2000fd00    00000300   00000000    rw- .stack


SECTION ALLOCATION MAP

 output                                  attributes/
section   page    origin      length       input sections
--------  ----  ----------  ----------   ----------------
.text      0    00000040    0000a7ea     
                  00000040    000009ac     rtsv7M4_T_le_v4SPD16_eabi.lib : e_pow.obj (.text)
                  000009ec    00000740                                   : k_rem_pio2.obj (.text)
                  0000112c    000005e4                                   : s_cos.obj (.text)
                  00001710    000005d0                                   : s_sin.obj (.text)
                  00001ce0    00000430     sysbios.aem4f : BIOS.obj (.text:ti_sysbios_family_arm_m3_Hwi_excDumpRegs__I)
                  00002110    00000390     empty_min.obj (.text:sensorSuite)
                  000024a0    0000034c     ti.targets.arm.rtsarm.aem4f : System.oem4f (.text:xdc_runtime_System_doPrint__I)
                  000027ec    00000324     rtsv7M4_T_le_v4SPD16_eabi.lib : trgdrv.obj (.text)
                  00002b10    000002fc     empty_min.obj (.text:trajectoryPlanner)
                  00002e0c    000002ec     rtsv7M4_T_le_v4SPD16_eabi.lib : s_atan.obj (.text)
                  000030f8    00000264     drivers_MSP432P401R.aem4f : PowerMSP432.oem4f (.text:Power_sleep)
                  0000335c    00000004     msp432p4xx_driverlib.lib : cpu.o (.text:CPU_wfi)
                  00003360    000001fc     sysbios.aem4f : BIOS.obj (.text:ti_sysbios_family_arm_m3_Hwi_excHandlerMax__I)
                  0000355c    000001f4     rtsv7M4_T_le_v4SPD16_eabi.lib : ull_div_t2.obj (.text)
                  00003750    000001b6                                   : fd_add_t2.obj (.text)
                  00003906    000001a0     msp432p4xx_driverlib.lib : pcm.o (.text:__PCM_setPowerStateAdvanced)
                  00003aa6    00000002     power_tirtos_MSP432P401R.aem4f : PowerMSP432_tirtos.oem4f (.text:PowerMSP432_initPolicy)
                  00003aa8    0000018c     empty_min.obj (.text:differentialSteering)
                  00003c34    00000174     rtsv7M4_T_le_v4SPD16_eabi.lib : k_sin.obj (.text)
                  00003da8    00000174     sysbios.aem4f : BIOS.obj (.text:ti_sysbios_family_arm_m3_Hwi_excBusFault__I)
                  00003f1c    00000170     rtsv7M4_T_le_v4SPD16_eabi.lib : e_sqrt.obj (.text)
                  0000408c    0000016c                                   : k_cos.obj (.text)
                  000041f8    00000168     empty_min.obj (.text:initializeDS)
                  00004360    00000164     sysbios.aem4f : BIOS.obj (.text:ti_sysbios_family_arm_m3_Hwi_excUsageFault__I)
                  000044c4    00000004     tirtosport.aem4f : HwiP_tirtos.oem4f (.text:HwiP_disable)
                  000044c8    00000160     sysbios.aem4f : BIOS.obj (.text:ti_sysbios_knl_Semaphore_pend__E)
                  00004628    00000148                   : BIOS.obj (.text:ti_sysbios_family_arm_m3_Hwi_excMemFault__I)
                  00004770    00000144                   : BIOS.obj (.text:ti_sysbios_family_arm_m3_Hwi_dispatchC__I)
                  000048b4    00000140     drivers_MSP432P401R.aem4f : GPIOMSP432.oem4f (.text:GPIO_setConfig)
                  000049f4    00000138     empty_min_pem4f.oem4f (.text:ti_uia_loggers_LoggerStopMode_writeMemoryRange__E)
                  00004b2c    00000136     rtsv7M4_T_le_v4SPD16_eabi.lib : fd_div_t2.obj (.text)
                  00004c62    00000006     drivers_MSP432P401R.aem4f : PWMTimerMSP432.oem4f (.text:PWMTimerMSP432_control)
                  00004c68    00000134     sysbios.aem4f : BIOS.obj (.text:ti_sysbios_knl_Clock_workFunc__E)
                  00004d9c    00000004     drivers_MSP432P401R.aem4f : List.oem4f (.text:List_head)
                  00004da0    0000011c     sysbios.aem4f : BIOS.obj (.text:ti_sysbios_knl_Swi_run__I)
                  00004ebc    00000118     ti.targets.arm.rtsarm.aem4f : Error.oem4f (.text:xdc_runtime_Error_policyDefault__E)
                  00004fd4    0000010c     empty_min_pem4f.oem4f (.text:ti_uia_loggers_LoggerStopMode_write8__E)
                  000050e0    00000100     ti.targets.arm.rtsarm.aem4f : Core-mem.oem4f (.text:xdc_runtime_Core_createObject__I)
                  000051e0    000000fc     rtsv7M4_T_le_v4SPD16_eabi.lib : fd_mul_t2.obj (.text)
                  000052dc    000000fc                                   : s_scalbn.obj (.text)
                  000053d8    000000f8                                   : s_floor.obj (.text)
                  000054d0    000000f8     ti.targets.arm.rtsarm.aem4f : Startup.oem4f (.text:xdc_runtime_Startup_startMods__I)
                  000055c8    000000f8     empty_min_pem4f.oem4f (.text:xdc_runtime_System_printfExtend__I)
                  000056c0    000000f4     empty_min_pem4f.oem4f (.text:ti_uia_loggers_LoggerStopMode_write4__E)
                  000057b4    000000f0     drivers_MSP432P401R.aem4f : PowerMSP432.oem4f (.text:initPerfControl)
                  000058a4    000000ec     sysbios.aem4f : m3_Hwi_asm.obj (.text:ti_sysbios_family_arm_m3_Hwi_dispatch__I)
                  00005990    000000e8     empty_min_pem4f.oem4f (.text:ti_uia_loggers_LoggerStopMode_write2__E)
                  00005a78    000000e4     empty_min_pem4f.oem4f (.text:ti_uia_loggers_LoggerStopMode_write1__E)
                  00005b5c    000000e2     drivers_MSP432P401R.aem4f : PWMTimerMSP432.oem4f (.text:initHw)
                  00005c3e    00000002     rtsv7M4_T_le_v4SPD16_eabi.lib : i_div0.obj (.text)
                  00005c40    000000e0     msp432p4xx_driverlib.lib : cs.o (.text:CS_initClockSignal)
                  00005d20    000000dc                              : pcm.o (.text:__PCM_setPowerModeAdvanced)
                  00005dfc    000000d8     empty_min_pem4f.oem4f (.text:ti_uia_loggers_LoggerStopMode_write0__E)
                  00005ed4    00000004     drivers_MSP432P401R.aem4f : List.oem4f (.text:List_next)
                  00005ed8    000000cc     sysbios.aem4f : BIOS.obj (.text:ti_sysbios_heaps_HeapMem_alloc__E)
                  00005fa4    00000004     empty_min_pem4f.oem4f (.text:ti_sysbios_BIOS_RtsGateProxy_enter__E)
                  00005fa8    000000cc     sysbios.aem4f : BIOS.obj (.text:ti_sysbios_knl_Task_Instance_init__E)
                  00006074    000000cc     ti.targets.arm.rtsarm.aem4f : Core-smem.oem4f (.text:xdc_runtime_Core_constructObject__I)
                  00006140    000000c4     sysbios.aem4f : BIOS.obj (.text:ti_sysbios_knl_Semaphore_post__E)
                  00006204    00000004     empty_min_pem4f.oem4f (.text:ti_sysbios_BIOS_RtsGateProxy_leave__E)
                  00006208    000000c4     sysbios.aem4f : BIOS.obj (.text:ti_sysbios_knl_Task_schedule__I)
                  000062cc    00000004     empty_min_pem4f.oem4f (.text:ti_sysbios_family_arm_m3_TaskSupport_Module__startupDone__S)
                  000062d0    000000bc     sysbios.aem4f : BIOS.obj (.text:ti_sysbios_family_arm_m3_Hwi_excDebugMon__I)
                  0000638c    00000004     empty_min_pem4f.oem4f (.text:ti_sysbios_heaps_HeapMem_Module_GateProxy_enter__E)
                  00006390    000000bc     sysbios.aem4f : BIOS.obj (.text:ti_sysbios_family_arm_m3_Hwi_excHardFault__I)
                  0000644c    00000004     empty_min_pem4f.oem4f (.text:ti_sysbios_heaps_HeapMem_Module_GateProxy_leave__E)
                  00006450    000000bc     sysbios.aem4f : BIOS.obj (.text:ti_sysbios_knl_Task_Instance_finalize__E)
                  0000650c    00000004     empty_min_pem4f.oem4f (.text:ti_sysbios_knl_Clock_TimerProxy_getMaxTicks__E)
                  00006510    000000bc     sysbios.aem4f : BIOS.obj (.text:ti_sysbios_knl_Task_startCore__E)
                  000065cc    000000b2     msp432p4xx_driverlib.lib : timer_a.o (.text:privateTimer_AProcessClockSourceDivider)
                  0000667e    00000002     empty_min_pem4f.oem4f (.text:ti_sysbios_BIOS_nullFunc__I)
                  00006680    000000b0     msp432p4xx_driverlib.lib : pcm.o (.text:__PCM_setCoreVoltageLevelAdvanced)
                  00006730    000000ac     drivers_MSP432P401R.aem4f : PWMTimerMSP432.oem4f (.text:PWMTimerMSP432_open)
                  000067dc    00000004     empty_min_pem4f.oem4f (.text:ti_sysbios_knl_Queue_destruct)
                  000067e0    000000ac     sysbios.aem4f : BIOS.obj (.text:ti_sysbios_knl_Swi_post__E)
                  0000688c    00000004     empty_min_pem4f.oem4f (.text:ti_sysbios_knl_Semaphore_destruct)
                  00006890    000000ac     sysbios.aem4f : BIOS.obj (.text:ti_sysbios_utils_Load_updateLoads__E)
                  0000693c    000000a8     empty_min.obj (.text:initializeClocks)
                  000069e4    00000004     ti.uia.loggers.aem4f : LoggerStopMode.oem4f (.text:ti_uia_loggers_LoggerStopMode_getContents__E)
                  000069e8    000000a8     sysbios.aem4f : BIOS.obj (.text:ti_sysbios_family_arm_msp432_Timer_periodicStub__E)
                  00006a90    000000a8                   : BIOS.obj (.text:ti_sysbios_knl_Task_blockI__E)
                  00006b38    000000a0     auto_init.aem4f : auto_init.oem4f (.text)
                  00006bd8    000000a0     ti.targets.arm.rtsarm.aem4f : Text.oem4f (.text:xdc_runtime_Text_putMod__E)
                  00006c78    0000009c     empty_min.obj (.text:initializePWM)
                  00006d14    0000009c     rtsv7M4_T_le_v4SPD16_eabi.lib : memcpy_t2.obj (.text)
                  00006db0    0000009c     sysbios.aem4f : BIOS.obj (.text:ti_sysbios_knl_Task_postInit__I)
                  00006e4c    0000009a     ti.targets.arm.rtsarm.aem4f : Text.oem4f (.text:xdc_runtime_Text_putSite__E)
                  00006ee6    00000002     empty_min_pem4f.oem4f (.text:ti_uia_loggers_LoggerStopMode_setFilterLevel__E)
                  00006ee8    00000094     sysbios.aem4f : BIOS.obj (.text:ti_sysbios_family_arm_m3_Hwi_Instance_init__E)
                  00006f7c    00000004     empty_min_pem4f.oem4f (.text:ti_uia_loggers_LoggerStopMode_getFilterLevel__E)
                  00006f80    00000094     sysbios.aem4f : BIOS.obj (.text:ti_sysbios_family_arm_m3_Hwi_initNVIC__E)
                  00007014    00000004     ti.uia.loggers.aem4f : LoggerStopMode.oem4f (.text:ti_uia_loggers_LoggerStopMode_getInstanceId__E)
                  00007018    00000094     sysbios.aem4f : BIOS.obj (.text:ti_sysbios_knl_Task_exit__E)
                  000070ac    00000092     drivers_MSP432P401R.aem4f : PWMTimerMSP432.oem4f (.text:PWMTimerMSP432_setPeriod)
                  0000713e    00000002     ti.uia.loggers.aem4f : LoggerStopMode.oem4f (.text:ti_uia_loggers_LoggerStopMode_setPriority__E)
                  00007140    00000090     empty_min.obj (.text:initializeEncoder)
                  000071d0    00000090     sysbios.aem4f : BIOS.obj (.text:ti_sysbios_knl_Task_unblockI__E)
                  00007260    00000090     ti.uia.loggers.aem4f : LoggerStopMode.oem4f (.text:ti_uia_loggers_LoggerStopMode_initQueueDescriptor__E)
                  000072f0    0000008c     sysbios.aem4f : m3_TaskSupport_asm.obj (.text:ti_sysbios_family_arm_m3_TaskSupport_buildTaskStack)
                  0000737c    00000086     rtsv7M4_T_le_v4SPD16_eabi.lib : fd_cmp_t2.obj (.text:__aeabi_cdcmple)
                  00007402    00000086                                   : fd_cmp_t2.obj (.text:__aeabi_cdrcmple)
                  00007488    00000084     drivers_MSP432P401R.aem4f : PWMTimerMSP432.oem4f (.text:PWMTimerMSP432_setDuty)
                  0000750c    00000004     ti.uia.loggers.aem4f : LoggerStopMode.oem4f (.text:ti_uia_loggers_LoggerStopMode_getMaxLength__E)
                  00007510    00000084     sysbios.aem4f : BIOS.obj (.text:ti_sysbios_family_arm_m3_Hwi_postInit__I)
                  00007594    00000080     rtsv7M4_T_le_v4SPD16_eabi.lib : s_floorf.obj (.text)
                  00007614    0000007c     msp432p4xx_driverlib.lib : pcm.o (.text:PCM_gotoLPM3)
                  00007690    0000007c     sysbios.aem4f : BIOS.obj (.text:ti_sysbios_family_arm_m3_TimestampProvider_get64__E)
                  0000770c    00000004     ti.uia.loggers.aem4f : LoggerStopMode.oem4f (.text:ti_uia_loggers_LoggerStopMode_getPriority__E)
                  00007710    0000007c     sysbios.aem4f : BIOS.obj (.text:ti_sysbios_heaps_HeapMem_free__E)
                  0000778c    0000007a     rtsv7M4_T_le_v4SPD16_eabi.lib : memset_t2.obj (.text)
                  00007806    00000002     --HOLE-- [fill = 0]
                  00007808    00000078     empty_min.obj (.text:initializeTasks)
                  00007880    00000074     ti.uia.runtime.aem4f : QueueDescriptor.oem4f (.text:ti_uia_runtime_QueueDescriptor_addToList__E)
                  000078f4    00000070     empty_min.obj (.text:initializeWayPoints)
                  00007964    0000006e     rtsv7M4_T_le_v4SPD16_eabi.lib : fd_tos_t2.obj (.text)
                  000079d2    0000006e                                   : s_roundf.obj (.text)
                  00007a40    0000006d     ti.targets.arm.rtsarm.aem4f : System.oem4f (.text:xdc_runtime_System_formatNum__I)
                  00007aad    00000003     --HOLE-- [fill = 0]
                  00007ab0    0000006c     sysbios.aem4f : BIOS.obj (.text:ti_sysbios_knl_Swi_restoreHwi__E)
                  00007b1c    0000006c     ti.targets.arm.rtsarm.aem4f : Error.oem4f (.text:xdc_runtime_Error_print__E)
                  00007b88    0000006c                                 : Memory.oem4f (.text:xdc_runtime_Memory_alloc__E)
                  00007bf4    0000006a     rtsv7M4_T_le_v4SPD16_eabi.lib : copy_decompress_rle.obj (.text)
                  00007c5e    00000002     --HOLE-- [fill = 0]
                  00007c60    00000068                                   : trgmsg.obj (.text)
                  00007cc8    00000066     ti.uia.loggers.aem4f : LoggerStopMode.oem4f (.text:ti_uia_loggers_LoggerStopMode_flush__E)
                  00007d2e    00000066     ti.targets.arm.rtsarm.aem4f : Core-mem.oem4f (.text:xdc_runtime_Core_deleteObject__I)
                  00007d94    00000004     ti.uia.loggers.aem4f : LoggerStopMode.oem4f (.text:ti_uia_loggers_LoggerStopMode_getTransferType__E)
                  00007d98    00000064     sysbios.aem4f : BIOS.obj (.text:ti_sysbios_utils_Load_idleFxn__E)
                  00007dfc    00000062     tirtosport.aem4f : HwiP_tirtos.oem4f (.text:HwiP_create)
                  00007e5e    00000002     --HOLE-- [fill = 0]
                  00007e60    00000060     sysbios.aem4f : BIOS.obj (.text:ti_sysbios_family_arm_m3_TimestampProvider_get32__E)
                  00007ec0    00000060                   : BIOS.obj (.text:ti_sysbios_knl_Clock_logTick__E)
                  00007f20    00000060                   : BIOS.obj (.text:ti_sysbios_utils_Load_logCPULoad__I)
                  00007f80    0000005c     drivers_MSP432P401R.aem4f : GPIOMSP432.oem4f (.text:GPIO_init)
                  00007fdc    00000004     ti.targets.arm.rtsarm.aem4f : Error.oem4f (.text:xdc_runtime_Error_getSite__E)
                  00007fe0    0000005c     sysbios.aem4f : BIOS.obj (.text:ti_sysbios_knl_Swi_schedule__I)
                  0000803c    00000004     empty_min_pem4f.oem4f (.text:xdc_runtime_System_Module_GateProxy_enter__E)
                  00008040    0000005c     sysbios.aem4f : BIOS.obj (.text:ti_sysbios_knl_Task_Module_startup__E)
                  0000809c    0000005b     ti.targets.arm.rtsarm.aem4f : Text.oem4f (.text:xdc_runtime_Text_putLab__E)
                  000080f7    00000001     --HOLE-- [fill = 0]
                  000080f8    00000058     boot.aem4f : boot.oem4f (.text)
                  00008150    00000058     empty_min_pem4f.oem4f (.text:ti_sysbios_family_arm_m3_Hwi_construct)
                  000081a8    00000058     sysbios.aem4f : m3_Hwi_asm_switch.obj (.text:ti_sysbios_family_arm_m3_Hwi_initStacks__E)
                  00008200    00000054     drivers_MSP432P401R.aem4f : GPIOMSP432.oem4f (.text:GPIO_hwiIntFxn)
                  00008254    00000054                               : GPIOMSP432.oem4f (.text:GPIO_setCallback)
                  000082a8    00000054                               : PWMTimerMSP432.oem4f (.text:PWMTimerMSP432_stop)
                  000082fc    00000054     rtsv7M4_T_le_v4SPD16_eabi.lib : exit.obj (.text)
                  00008350    00000054     sysbios.aem4f : BIOS.obj (.text:ti_sysbios_family_arm_m3_Timer_start__E)
                  000083a4    00000004     empty_min_pem4f.oem4f (.text:xdc_runtime_System_Module_GateProxy_leave__E)
                  000083a8    00000054     sysbios.aem4f : BIOS.obj (.text:ti_sysbios_family_arm_msp432_Timer_initDevice__I)
                  000083fc    00000004     ti.targets.arm.rtsarm.aem4f : System.oem4f (.text:xdc_runtime_System_aprintf_va__F)
                  00008400    00000054     sysbios.aem4f : BIOS.obj (.text:ti_sysbios_family_arm_msp432_init_Boot_configureClocksHigh)
                  00008454    00000054     empty_min_pem4f.oem4f (.text:ti_sysbios_knl_Task_construct)
                  000084a8    00000054     ti.targets.arm.rtsarm.aem4f : Assert.oem4f (.text:xdc_runtime_Assert_raise__I)
                  000084fc    00000050     msp432p4xx_driverlib.lib : pcm.o (.text:PCM_shutdownDevice)
                  0000854c    00000050     drivers_MSP432P401R.aem4f : PWMTimerMSP432.oem4f (.text:PWMTimerMSP432_close)
                  0000859c    00000050     empty_min.obj (.text:initializeSemaphores)
                  000085ec    00000004     ti.targets.arm.rtsarm.aem4f : System.oem4f (.text:xdc_runtime_System_printf_va__F)
                  000085f0    00000050     sysbios.aem4f : BIOS.obj (.text:ti_sysbios_family_arm_m3_Hwi_Module_startup__E)
                  00008640    00000050                   : BIOS.obj (.text:ti_sysbios_knl_Clock_Instance_init__E)
                  00008690    00000050     ti.targets.arm.rtsarm.aem4f : Startup.oem4f (.text:xdc_runtime_Startup_exec__E)
                  000086e0    00000050                                 : Text.oem4f (.text:xdc_runtime_Text_visitRope2__I)
                  00008730    0000004c     msp432p4xx_driverlib.lib : gpio.o (.text:GPIO_setAsPeripheralModuleFunctionOutputPin)
                  0000877c    0000004c     rtsv7M4_T_le_v4SPD16_eabi.lib : cpy_tbl.obj (.text)
                  000087c8    0000004c     sysbios.aem4f : BIOS.obj (.text:ti_sysbios_family_arm_msp432_Timer_postInit__I)
                  00008814    00000004     --HOLE-- [fill = 0]
                  00008818    0000004c                   : BIOS.obj (.text:ti_sysbios_family_arm_msp432_Timer_start__E)
                  00008864    00000004     --HOLE-- [fill = 0]
                  00008868    0000004c                   : BIOS.obj (.text:ti_sysbios_heaps_HeapMem_getStats__E)
                  000088b4    00000004     --HOLE-- [fill = 0]
                  000088b8    0000004c                   : BIOS.obj (.text:ti_sysbios_knl_Swi_runLoop__I)
                  00008904    00000004     --HOLE-- [fill = 0]
                  00008908    0000004c                   : BIOS.obj (.text:ti_sysbios_knl_Task_allBlockedFunction__I)
                  00008954    0000004c     ti.uia.loggers.aem4f : LoggerStopMode.oem4f (.text:ti_uia_loggers_LoggerStopMode_Module_startup__E)
                  000089a0    00000048     msp432p4xx_driverlib.lib : timer_a.o (.text:Timer_A_generatePWM)
                  000089e8    00000048     rtsv7M4_T_le_v4SPD16_eabi.lib : fd_toi_t2.obj (.text)
                  00008a30    00000048     sysbios.aem4f : BIOS.obj (.text:ti_sysbios_family_arm_m3_Hwi_disableInterrupt__E)
                  00008a78    00000048                   : BIOS.obj (.text:ti_sysbios_family_arm_m3_Hwi_enableInterrupt__E)
                  00008ac0    00000048                   : BIOS.obj (.text:ti_sysbios_family_arm_m3_Hwi_excReserved__I)
                  00008b08    00000048                   : BIOS.obj (.text:ti_sysbios_family_arm_m3_Timer_initDevice__I)
                  00008b50    00000048                   : BIOS.obj (.text:ti_sysbios_family_arm_m3_Timer_setPeriod__E)
                  00008b98    00000046     ti.targets.arm.rtsarm.aem4f : Core-params.oem4f (.text:xdc_runtime_Core_assignParams__I)
                  00008bde    00000002     --HOLE-- [fill = 0]
                  00008be0    00000044     drivers_MSP432P401R.aem4f : PowerMSP432.oem4f (.text:Power_init)
                  00008c24    00000004     --HOLE-- [fill = 0]
                  00008c28    00000044     sysbios.aem4f : BIOS.obj (.text:ti_sysbios_family_arm_m3_Hwi_getStackInfo__E)
                  00008c6c    00000044     ti.uia.loggers.aem4f : LoggerStopMode.oem4f (.text:ti_uia_loggers_LoggerStopMode_initBuffer__I)
                  00008cb0    00000044     ti.targets.arm.rtsarm.aem4f : Error.oem4f (.text:xdc_runtime_Error_setX__E)
                  00008cf4    00000044                                 : SysMin.oem4f (.text:xdc_runtime_SysMin_flush__E)
                  00008d38    00000044                                 : Text.oem4f (.text:xdc_runtime_Text_xprintf__I)
                  00008d7c    00000040     msp432p4xx_driverlib.lib : flash.o (.text:FlashCtl_disableReadBuffering)
                  00008dbc    00000040     drivers_MSP432P401R.aem4f : PWMTimerMSP432.oem4f (.text:PWMTimerMSP432_start)
                  00008dfc    00000040                               : PowerMSP432.oem4f (.text:notify)
                  00008e3c    00000040     rtsv7M4_T_le_v4SPD16_eabi.lib : u_divt2.obj (.text)
                  00008e7c    00000004     --HOLE-- [fill = 0]
                  00008e80    00000040     sysbios.aem4f : BIOS.obj (.text:ti_sysbios_family_arm_msp432_Timer_Module_startup__E)
                  00008ec0    00000040                   : BIOS.obj (.text:ti_sysbios_family_arm_msp432_Timer_startup__E)
                  00008f00    00000040                   : BIOS.obj (.text:ti_sysbios_heaps_HeapMem_Instance_init__E)
                  00008f40    0000003c     power_tirtos_MSP432P401R.aem4f : PowerMSP432_tirtos.oem4f (.text:PowerMSP432_sleepPolicy)
                  00008f7c    0000003c     drivers_MSP432P401R.aem4f : PWMTimerMSP432.oem4f (.text:getPeriodCounts)
                  00008fb8    0000003c     sysbios.aem4f : BIOS.obj (.text:ti_sysbios_family_arm_m3_Hwi_excSvCall__I)
                  00008ff4    00000004     --HOLE-- [fill = 0]
                  00008ff8    0000003c                   : BIOS.obj (.text:ti_sysbios_heaps_HeapMem_init__I)
                  00009034    00000004     --HOLE-- [fill = 0]
                  00009038    0000003c                   : BIOS.obj (.text:ti_sysbios_knl_Swi_restore__E)
                  00009074    00000038     drivers_MSP432P401R.aem4f : PWM.oem4f (.text:PWM_init)
                  000090ac    00000038                               : PWMTimerMSP432.oem4f (.text:getDutyCounts)
                  000090e4    00000038     rtsv7M4_T_le_v4SPD16_eabi.lib : fs_tod_t2.obj (.text)
                  0000911c    00000004     --HOLE-- [fill = 0]
                  00009120    00000038     sysbios.aem4f : BIOS.obj (.text:ti_sysbios_family_arm_m3_Hwi_excNoIsr__I)
                  00009158    00000038     empty_min_pem4f.oem4f (.text:ti_sysbios_knl_Clock_create)
                  00009190    00000038     sysbios.aem4f : BIOS.obj (.text:ti_sysbios_knl_Task_processVitalTaskFlag__I)
                  000091c8    00000038     ti.targets.arm.rtsarm.aem4f : SysMin.oem4f (.text:xdc_runtime_SysMin_putch__E)
                  00009200    00000038                                 : System.oem4f (.text:xdc_runtime_System_atexit__E)
                  00009238    00000034     msp432p4xx_driverlib.lib : flash.o (.text:FlashCtl_enableReadBuffering)
                  0000926c    00000034     empty_min_pem4f.oem4f (.text:ti_sysbios_BIOS_startFunc__I)
                  000092a0    00000034     sysbios.aem4f : BIOS.obj (.text:ti_sysbios_family_arm_m3_Hwi_Instance_finalize__E)
                  000092d4    00000004     --HOLE-- [fill = 0]
                  000092d8    00000034                   : BIOS.obj (.text:ti_sysbios_family_arm_m3_Hwi_excNmi__I)
                  0000930c    00000004     --HOLE-- [fill = 0]
                  00009310    00000034                   : BIOS.obj (.text:ti_sysbios_family_arm_m3_Timer_periodicStub__I)
                  00009344    00000034     ti.uia.loggers.aem4f : LoggerStopMode.oem4f (.text:ti_uia_loggers_LoggerStopMode_reset__E)
                  00009378    00000034     ti.targets.arm.rtsarm.aem4f : Core-label.oem4f (.text:xdc_runtime_Core_assignLabel__I)
                  000093ac    00000033                                 : Text.oem4f (.text:xdc_runtime_Text_printVisFxn__I)
                  000093df    00000001     --HOLE-- [fill = 0]
                  000093e0    00000032     sysbios.aem4f : BIOS.obj (.text:ti_sysbios_hal_Hwi_initStack)
                  00009412    00000006     rtsv7M4_T_le_v4SPD16_eabi.lib : copy_decompress_rle.obj (.text:decompress:rle24)
                  00009418    00000032     sysbios.aem4f : BIOS.obj (.text:ti_sysbios_knl_Semaphore_pendTimeout__I)
                  0000944a    00000002     --HOLE-- [fill = 0]
                  0000944c    00000030     msp432p4xx_driverlib.lib : gpio.o (.text:GPIO_getEnabledInterruptStatus)
                  0000947c    00000030                              : gpio.o (.text:GPIO_setAsInputPinWithPullDownResistor)
                  000094ac    00000030                              : gpio.o (.text:GPIO_setAsInputPinWithPullUpResistor)
                  000094dc    00000030     drivers_MSP432P401R.aem4f : PWM.oem4f (.text:PWM_open)
                  0000950c    00000030     empty_min_pem4f.oem4f (.text:ti_sysbios_BIOS_atExitFunc__I)
                  0000953c    00000004     --HOLE-- [fill = 0]
                  00009540    00000030     sysbios.aem4f : BIOS.obj (.text:ti_sysbios_family_arm_m3_TaskSupport_start__E)
                  00009570    00000030     empty_min_pem4f.oem4f (.text:ti_sysbios_gates_GateHwi_Object__create__S)
                  000095a0    00000030     empty_min_pem4f.oem4f (.text:ti_sysbios_gates_GateMutex_Object__create__S)
                  000095d0    00000030     sysbios.aem4f : BIOS.obj (.text:ti_sysbios_gates_GateMutex_enter__E)
                  00009600    00000030     empty_min_pem4f.oem4f (.text:ti_sysbios_heaps_HeapMem_Object__create__S)
                  00009630    00000030     empty_min_pem4f.oem4f (.text:ti_sysbios_knl_Semaphore_construct)
                  00009660    00000030     sysbios.aem4f : BIOS.obj (.text:ti_sysbios_utils_Load_updateCurrentThreadTime__E)
                  00009690    00000030     empty_min_pem4f.oem4f (.text:ti_uia_loggers_LoggerStopMode_Object__create__S)
                  000096c0    00000030     ti.targets.arm.rtsarm.aem4f : SysMin.oem4f (.text:xdc_runtime_SysMin_abort__E)
                  000096f0    00000030                                 : System.oem4f (.text:xdc_runtime_System_processAtExit__E)
                  00009720    0000002e     rtsv7M4_T_le_v4SPD16_eabi.lib : i_tofd_t2.obj (.text)
                  0000974e    00000002     --HOLE-- [fill = 0]
                  00009750    0000002c     msp432p4xx_driverlib.lib : gpio.o (.text:GPIO_setAsInputPin)
                  0000977c    0000002c     MSP_EXP432P401R.obj (.text:MSP_EXP432P401R_initPWM)
                  000097a8    0000002c     msp432p4xx_driverlib.lib : pcm.o (.text:PCM_getCoreVoltageLevel)
                  000097d4    0000002c     power_tirtos_MSP432P401R.aem4f : PowerMSP432_tirtos.oem4f (.text:PowerMSP432_updateFreqs)
                  00009800    0000002c     drivers_MSP432P401R.aem4f : PowerMSP432.oem4f (.text:Power_releaseConstraint)
                  0000982c    0000002c                               : PowerMSP432.oem4f (.text:Power_setConstraint)
                  00009858    0000002c     empty_min_pem4f.oem4f (.text:ti_sysbios_knl_Clock_doTick__I)
                  00009884    0000002c     empty_min_pem4f.oem4f (.text:ti_sysbios_knl_Queue_construct)
                  000098b0    0000002c     sysbios.aem4f : BIOS.obj (.text:ti_sysbios_knl_Task_restore__E)
                  000098dc    0000002c     ti.targets.arm.rtsarm.aem4f : Text.oem4f (.text:xdc_runtime_Text_cordText__E)
                  00009908    0000002a     msp432p4xx_driverlib.lib : pcm.o (.text:PCM_getPowerMode)
                  00009932    0000002a     ti.targets.arm.rtsarm.aem4f : System.oem4f (.text:xdc_runtime_System_putchar__I)
                  0000995c    00000028     msp432p4xx_driverlib.lib : flash.o (.text:FlashCtl_setWaitState)
                  00009984    00000028     drivers_MSP432P401R.aem4f : GPIOMSP432.oem4f (.text:GPIO_clearInt)
                  000099ac    00000028                               : GPIOMSP432.oem4f (.text:GPIO_enableInt)
                  000099d4    00000028     msp432p4xx_driverlib.lib : pcm.o (.text:PCM_gotoLPM0)
                  000099fc    00000004     --HOLE-- [fill = 0]
                  00009a00    00000028     sysbios.aem4f : BIOS.obj (.text:ti_sysbios_knl_Clock_addI__E)
                  00009a28    00000028                   : BIOS.obj (.text:ti_sysbios_knl_Swi_Module_startup__E)
                  00009a50    00000026     empty_min.obj (.text:main)
                  00009a76    00000026     sysbios.aem4f : m3_Hwi_asm.obj (.text:ti_sysbios_family_arm_m3_Hwi_pendSV__I)
                  00009a9c    00000026     ti.targets.arm.rtsarm.aem4f : System.oem4f (.text:xdc_runtime_System_avprintf__E)
                  00009ac2    00000002     --HOLE-- [fill = 0]
                  00009ac4    00000024     msp432p4xx_driverlib.lib : cs.o (.text:CS_setDCOCenteredFrequency)
                  00009ae8    00000024                              : gpio.o (.text:GPIO_setAsOutputPin)
                  00009b0c    00000024                              : rtc_c.o (.text:RTC_C_holdClock)
                  00009b30    00000024                              : rtc_c.o (.text:RTC_C_startClock)
                  00009b54    00000024     empty_min.obj (.text:convertToPWM)
                  00009b78    00000024     empty_min_pem4f.oem4f (.text:ti_sysbios_BIOS_errorRaiseHook__I)
                  00009b9c    00000024     empty_min_pem4f.oem4f (.text:ti_sysbios_BIOS_registerRTSLock__I)
                  00009bc0    00000024     empty_min_pem4f.oem4f (.text:ti_sysbios_BIOS_removeRTSLock__I)
                  00009be4    00000004     --HOLE-- [fill = 0]
                  00009be8    00000024     sysbios.aem4f : BIOS.obj (.text:ti_sysbios_family_arm_m3_Timer_Module_startup__E)
                  00009c0c    00000004     --HOLE-- [fill = 0]
                  00009c10    00000024                   : BIOS.obj (.text:ti_sysbios_family_arm_m3_Timer_postInit__I)
                  00009c34    00000004     --HOLE-- [fill = 0]
                  00009c38    00000024                   : BIOS.obj (.text:ti_sysbios_family_arm_m3_Timer_startup__E)
                  00009c5c    00000004     --HOLE-- [fill = 0]
                  00009c60    00000024                   : BIOS.obj (.text:ti_sysbios_family_arm_msp432_ClockFreqs_setFrequency__E)
                  00009c84    00000024     empty_min_pem4f.oem4f (.text:ti_sysbios_gates_GateMutex_Object__delete__S)
                  00009ca8    00000024     sysbios.aem4f : BIOS.obj (.text:ti_sysbios_knl_Clock_Module_startup__E)
                  00009ccc    00000004     --HOLE-- [fill = 0]
                  00009cd0    00000024                   : BIOS.obj (.text:ti_sysbios_knl_Semaphore_Instance_init__E)
                  00009cf4    00000004     --HOLE-- [fill = 0]
                  00009cf8    00000024                   : BIOS.obj (.text:ti_sysbios_knl_Task_restoreHwi__E)
                  00009d1c    00000004     --HOLE-- [fill = 0]
                  00009d20    00000024                   : BIOS.obj (.text:ti_sysbios_utils_Load_updateThreadContexts__E)
                  00009d44    00000024     ti.targets.arm.rtsarm.aem4f : System.oem4f (.text:xdc_runtime_System_vprintf__E)
                  00009d68    00000022     empty_min_pem4f.oem4f (.text:xdc_runtime_SysMin_output__I)
                  00009d8a    00000002     --HOLE-- [fill = 0]
                  00009d8c    00000020     msp432p4xx_driverlib.lib : gpio.o (.text:GPIO_interruptEdgeSelect)
                  00009dac    00000020     drivers_MSP432P401R.aem4f : PowerMSP432.oem4f (.text:PowerMSP432_getFreqs)
                  00009dcc    00000020     empty_min_pem4f.oem4f (.text:ti_sysbios_BIOS_rtsLock__I)
                  00009dec    00000020     sysbios.aem4f : m3_Hwi_asm.obj (.text:ti_sysbios_family_arm_m3_Hwi_excHandlerAsm__I)
                  00009e0c    00000004     --HOLE-- [fill = 0]
                  00009e10    00000020                   : BIOS.obj (.text:ti_sysbios_family_arm_m3_Hwi_excHandler__I)
                  00009e30    00000020                   : BIOS.obj (.text:ti_sysbios_family_arm_m3_TimestampProvider_Module_startup__E)
                  00009e50    00000020     empty_min_pem4f.oem4f (.text:ti_sysbios_gates_GateHwi_Object__delete__S)
                  00009e70    00000020     empty_min_pem4f.oem4f (.text:ti_sysbios_heaps_HeapMem_Object__delete__S)
                  00009e90    00000020     sysbios.aem4f : BIOS.obj (.text:ti_sysbios_knl_Idle_run__E)
                  00009eb0    00000020     empty_min_pem4f.oem4f (.text:ti_sysbios_knl_Semaphore_Object__destruct__S)
                  00009ed0    00000020     empty_min_pem4f.oem4f (.text:ti_uia_loggers_LoggerStopMode_Object__delete__S)
                  00009ef0    00000020     ti.targets.arm.rtsarm.aem4f : Registry.oem4f (.text:xdc_runtime_Registry_findById__E)
                  00009f10    00000020                                 : SysMin.oem4f (.text:xdc_runtime_SysMin_Module_startup__E)
                  00009f30    0000001e     drivers_MSP432P401R.aem4f : PWMTimerMSP432.oem4f (.text:corroboratePeriod)
                  00009f4e    0000001e     sysbios.aem4f : m3_Hwi_asm_switch.obj (.text:ti_sysbios_family_xxx_Hwi_switchAndRunFunc)
                  00009f6c    0000001c     msp432p4xx_driverlib.lib : pcm.o (.text:PCM_enableRudeMode)
                  00009f88    0000001c     sysbios.aem4f : BIOS.obj (.text:ti_sysbios_family_arm_m3_Timer_stop__E)
                  00009fa4    00000004     --HOLE-- [fill = 0]
                  00009fa8    0000001c                   : BIOS.obj (.text:ti_sysbios_gates_GateMutex_Instance_init__E)
                  00009fc4    0000001c     empty_min_pem4f.oem4f (.text:ti_sysbios_knl_Queue_Object__destruct__S)
                  00009fe0    0000001c     sysbios.aem4f : BIOS.obj (.text:ti_sysbios_knl_Queue_put__E)
                  00009ffc    00000004     --HOLE-- [fill = 0]
                  0000a000    0000001c                   : BIOS.obj (.text:ti_sysbios_knl_Task_enter__I)
                  0000a01c    0000001c     ti.uia.loggers.aem4f : LoggerStopMode.oem4f (.text:ti_uia_loggers_LoggerStopMode_Instance_init__E)
                  0000a038    0000001c     ti.targets.arm.rtsarm.aem4f : Error.oem4f (.text:xdc_runtime_Error_raiseX__E)
                  0000a054    0000001c                                 : Memory.oem4f (.text:xdc_runtime_Memory_valloc__E)
                  0000a070    0000001c                                 : SysMin.oem4f (.text:xdc_runtime_SysMin_exit__E)
                  0000a08c    0000001c                                 : System.oem4f (.text:xdc_runtime_System_abort__E)
                  0000a0a8    0000001a     empty_min_pem4f.oem4f (.text:ti_sysbios_family_arm_m3_Hwi_Handle__label__S)
                  0000a0c2    0000001a     empty_min_pem4f.oem4f (.text:ti_sysbios_gates_GateHwi_Handle__label__S)
                  0000a0dc    0000001a     empty_min_pem4f.oem4f (.text:ti_sysbios_gates_GateMutex_Handle__label__S)
                  0000a0f6    0000001a     empty_min_pem4f.oem4f (.text:ti_sysbios_heaps_HeapMem_Handle__label__S)
                  0000a110    0000001a     empty_min_pem4f.oem4f (.text:ti_sysbios_knl_Swi_Handle__label__S)
                  0000a12a    0000001a     empty_min_pem4f.oem4f (.text:ti_sysbios_knl_Task_Handle__label__S)
                  0000a144    0000001a     empty_min_pem4f.oem4f (.text:ti_uia_loggers_LoggerStopMode_Handle__label__S)
                  0000a15e    0000001a     empty_min_pem4f.oem4f (.text:xdc_runtime_System_aprintf__E)
                  0000a178    0000001a     empty_min_pem4f.oem4f (.text:xdc_runtime_System_printf__E)
                  0000a192    00000002     --HOLE-- [fill = 0]
                  0000a194    00000018     msp432p4xx_driverlib.lib : gpio.o (.text:GPIO_clearInterruptFlag)
                  0000a1ac    00000018                              : gpio.o (.text:GPIO_setDriveStrengthLow)
                  0000a1c4    00000018                              : gpio.o (.text:GPIO_setOutputLowOnPin)
                  0000a1dc    00000018                              : wdt_a.o (.text:WDT_A_holdTimer)
                  0000a1f4    00000018     drivers_MSP432P401R.aem4f : PWMTimerMSP432.oem4f (.text:corroborateDuty)
                  0000a20c    00000018     rtsv7M4_T_le_v4SPD16_eabi.lib : args_main.obj (.text)
                  0000a224    00000018     empty_min_pem4f.oem4f (.text:ti_sysbios_BIOS_rtsUnlock__I)
                  0000a23c    00000018     empty_min_pem4f.oem4f (.text:ti_sysbios_family_arm_m3_Hwi_Module__startupDone__F)
                  0000a254    00000018     sysbios.aem4f : m3_TaskSupport_asm.obj (.text:ti_sysbios_family_arm_m3_TaskSupport_swap__E)
                  0000a26c    00000018     empty_min_pem4f.oem4f (.text:ti_sysbios_family_arm_msp432_Timer_Module__startupDone__F)
                  0000a284    00000004     --HOLE-- [fill = 0]
                  0000a288    00000018     sysbios.aem4f : BIOS.obj (.text:ti_sysbios_gates_GateMutex_leave__E)
                  0000a2a0    00000018     ti.targets.arm.rtsarm.aem4f : Error.oem4f (.text:xdc_runtime_Error_check__E)
                  0000a2b8    00000018                                 : System.oem4f (.text:xdc_runtime_System_exit__E)
                  0000a2d0    00000018                                 : Text.oem4f (.text:xdc_runtime_Text_ropeText__E)
                  0000a2e8    00000016     empty_min_pem4f.oem4f (.text:ti_sysbios_BIOS_exitFunc__I)
                  0000a2fe    00000016     ti.uia.loggers.aem4f : LoggerStopMode.oem4f (.text:ti_uia_loggers_LoggerStopMode_disable__E)
                  0000a314    00000016                          : LoggerStopMode.oem4f (.text:ti_uia_loggers_LoggerStopMode_enable__E)
                  0000a32a    00000002     --HOLE-- [fill = 0]
                  0000a32c    00000014     msp432p4xx_driverlib.lib : gpio.o (.text:GPIO_enableInterrupt)
                  0000a340    00000014                              : gpio.o (.text:GPIO_setDriveStrengthHigh)
                  0000a354    00000014                              : gpio.o (.text:GPIO_setOutputHighOnPin)
                  0000a368    00000014     drivers_MSP432P401R.aem4f : PWM.oem4f (.text:PWM_Params_init)
                  0000a37c    00000014                               : PowerMSP432.oem4f (.text:Power_idleFunc)
                  0000a390    00000014     msp432p4xx_driverlib.lib : wdt_a.o (.text:WDT_A_startTimer)
                  0000a3a4    00000014     rtsv7M4_T_le_v4SPD16_eabi.lib : _lock.obj (.text)
                  0000a3b8    00000014                                   : s_copysign.obj (.text)
                  0000a3cc    00000014                                   : strcpy.obj (.text)
                  0000a3e0    00000014                                   : strlen.obj (.text)
                  0000a3f4    00000014     empty_min_pem4f.oem4f (.text:ti_sysbios_family_arm_m3_Hwi_Object__get__S)
                  0000a408    00000014     sysbios.aem4f : BIOS.obj (.text:ti_sysbios_family_arm_m3_Hwi_switchFromBootStack__E)
                  0000a41c    00000014     empty_min_pem4f.oem4f (.text:ti_sysbios_heaps_HeapMem_Object__get__S)
                  0000a430    00000014     empty_min_pem4f.oem4f (.text:ti_sysbios_knl_Swi_Object__get__S)
                  0000a444    00000004     --HOLE-- [fill = 0]
                  0000a448    00000012     sysbios.aem4f : BIOS.obj (.text:ti_sysbios_hal_Hwi_Module_startup__E)
                  0000a45a    00000012     empty_min_pem4f.oem4f (.text:xdc_runtime_Startup_exec__I)
                  0000a46c    00000010     msp432p4xx_driverlib.lib : gpio.o (.text:GPIO_getInterruptStatus)
                  0000a47c    00000010                              : pcm.o (.text:PCM_gotoLPM4)
                  0000a48c    00000010     empty_min.obj (.text:l_enc_handler1)
                  0000a49c    00000010     empty_min.obj (.text:l_enc_handler2)
                  0000a4ac    00000010     empty_min.obj (.text:r_enc_handler1)
                  0000a4bc    00000010     empty_min.obj (.text:r_enc_handler2)
                  0000a4cc    00000004     --HOLE-- [fill = 0]
                  0000a4d0    00000010     sysbios.aem4f : BIOS.obj (.text:ti_sysbios_BIOS_getCpuFreq__E)
                  0000a4e0    00000010                   : BIOS.obj (.text:ti_sysbios_BIOS_setCpuFreq__E)
                  0000a4f0    00000010                   : BIOS.obj (.text:ti_sysbios_BIOS_setThreadType__E)
                  0000a500    00000010                   : BIOS.obj (.text:ti_sysbios_BIOS_start__E)
                  0000a510    00000010                   : m3_TaskSupport_asm.obj (.text:ti_sysbios_family_arm_m3_TaskSupport_glue)
                  0000a520    00000010                   : BIOS.obj (.text:ti_sysbios_family_arm_msp432_init_Boot_disableWatchdog)
                  0000a530    00000010                   : BIOS.obj (.text:ti_sysbios_gates_GateMutex_Instance_finalize__E)
                  0000a540    00000010                   : BIOS.obj (.text:ti_sysbios_knl_Semaphore_Instance_finalize__E)
                  0000a550    00000010                   : BIOS.obj (.text:ti_sysbios_knl_Swi_disable__E)
                  0000a560    00000010                   : BIOS.obj (.text:ti_sysbios_knl_Task_disable__E)
                  0000a570    00000010     empty_min_pem4f.oem4f (.text:ti_uia_loggers_LoggerStopMode_Object__get__S)
                  0000a580    00000010     ti.uia.loggers.aem4f : LoggerStopMode.oem4f (.text:ti_uia_loggers_LoggerStopMode_isEmpty__E)
                  0000a590    00000010     ti.targets.arm.rtsarm.aem4f : Gate.oem4f (.text:xdc_runtime_Gate_leaveSystem__E)
                  0000a5a0    00000010                                 : Memory.oem4f (.text:xdc_runtime_Memory_free__E)
                  0000a5b0    00000010                                 : SysMin.oem4f (.text:xdc_runtime_SysMin_ready__E)
                  0000a5c0    00000010                                 : System.oem4f (.text:xdc_runtime_System_vsnprintf__E)
                  0000a5d0    00000010     empty_min_pem4f.oem4f (.text:xdc_runtime_Text_visitRope__I)
                  0000a5e0    0000000e     tirtosport.aem4f : HwiP_tirtos.oem4f (.text:HwiP_Params_init)
                  0000a5ee    0000000e     msp432p4xx_driverlib.lib : timer_a.o (.text:Timer_A_setCompareValue)
                  0000a5fc    0000000e     rtsv7M4_T_le_v4SPD16_eabi.lib : copy_decompress_none.obj (.text:decompress:none)
                  0000a60a    00000006     ti.targets.arm.rtsarm.aem4f : System.oem4f (.text:xdc_runtime_System_Module_startup__E)
                  0000a610    0000000e     sysbios.aem4f : BIOS.obj (.text:ti_sysbios_knl_Queue_empty__E)
                  0000a61e    0000000e     empty_min_pem4f.oem4f (.text:ti_sysbios_knl_Task_Object__get__S)
                  0000a62c    0000000c     empty_min_pem4f.oem4f (.text:.bootCodeSection:ti_sysbios_family_arm_msp432_init_Boot_init__I)
                  0000a638    0000000c     msp432p4xx_driverlib.lib : cpu.o (.text:CPU_cpsid)
                  0000a644    0000000c                              : cpu.o (.text:CPU_cpsie)
                  0000a650    0000000c                              : pcm.o (.text:PCM_getPowerState)
                  0000a65c    0000000c     drivers_MSP432P401R.aem4f : PowerMSP432.oem4f (.text:Power_getConstraintMask)
                  0000a668    0000000c                               : PowerMSP432.oem4f (.text:Power_getPerformanceLevel)
                  0000a674    0000000c     msp432p4xx_driverlib.lib : timer_a.o (.text:Timer_A_stopTimer)
                  0000a680    0000000c     empty_min.obj (.text:clockHandlerDS)
                  0000a68c    0000000c     empty_min.obj (.text:clockHandlerSS)
                  0000a698    0000000c     empty_min.obj (.text:clockHanlderTP)
                  0000a6a4    0000000c     empty_min.obj (.text:read_enc_count)
                  0000a6b0    0000000c     empty_min_pem4f.oem4f (.text:ti_sysbios_family_arm_m3_Hwi_Params__init__S)
                  0000a6bc    00000004     --HOLE-- [fill = 0]
                  0000a6c0    0000000c     sysbios.aem4f : BIOS.obj (.text:ti_sysbios_family_arm_m3_Hwi_disableFxn__E)
                  0000a6cc    00000004     --HOLE-- [fill = 0]
                  0000a6d0    0000000c                   : BIOS.obj (.text:ti_sysbios_family_arm_m3_TaskSupport_getStackAlignment__E)
                  0000a6dc    00000004     --HOLE-- [fill = 0]
                  0000a6e0    0000000c                   : BIOS.obj (.text:ti_sysbios_family_arm_m3_TimestampProvider_startTimer__E)
                  0000a6ec    00000004     --HOLE-- [fill = 0]
                  0000a6f0    0000000c                   : BIOS.obj (.text:ti_sysbios_family_arm_msp432_Timer_getMaxTicks__E)
                  0000a6fc    00000004     --HOLE-- [fill = 0]
                  0000a700    0000000c                   : BIOS.obj (.text:ti_sysbios_gates_GateHwi_enter__E)
                  0000a70c    0000000c     empty_min_pem4f.oem4f (.text:ti_sysbios_knl_Clock_Params__init__S)
                  0000a718    0000000c     empty_min_pem4f.oem4f (.text:ti_sysbios_knl_Queue_Object__get__S)
                  0000a724    0000000c     empty_min_pem4f.oem4f (.text:ti_sysbios_knl_Semaphore_Params__init__S)
                  0000a730    0000000c     empty_min_pem4f.oem4f (.text:ti_sysbios_knl_Task_Params__init__S)
                  0000a73c    0000000c     ti.targets.arm.rtsarm.aem4f : Error.oem4f (.text:xdc_runtime_Error_init__E)
                  0000a748    0000000c                                 : Gate.oem4f (.text:xdc_runtime_Gate_enterSystem__E)
                  0000a754    0000000c                                 : Memory.oem4f (.text:xdc_runtime_Memory_calloc__E)
                  0000a760    0000000c                                 : Memory.oem4f (.text:xdc_runtime_Memory_getMaxDefaultTypeAlign__E)
                  0000a76c    0000000c                                 : Startup.oem4f (.text:xdc_runtime_Startup_rtsDone__E)
                  0000a778    0000000a     drivers_MSP432P401R.aem4f : PWM.oem4f (.text:PWM_setDuty)
                  0000a782    0000000a                               : PWM.oem4f (.text:PWM_start)
                  0000a78c    0000000a     empty_min_pem4f.oem4f (.text:xdc_runtime_IHeap_alloc)
                  0000a796    0000000a     empty_min_pem4f.oem4f (.text:xdc_runtime_IHeap_free)
                  0000a7a0    00000008     msp432p4xx_driverlib.lib : pcm.o (.text:PCM_setPowerMode)
                  0000a7a8    00000008                              : pcm.o (.text:PCM_setPowerState)
                  0000a7b0    00000008     drivers_MSP432P401R.aem4f : PWMTimerMSP432.oem4f (.text:PWMTimerMSP432_init)
                  0000a7b8    00000008     msp432p4xx_driverlib.lib : timer_a.o (.text:Timer_A_startCounter)
                  0000a7c0    00000008     sysbios.aem4f : BIOS.obj (.text:ti_sysbios_family_arm_m3_Hwi_doSwiRestore__I)
                  0000a7c8    00000008                   : BIOS.obj (.text:ti_sysbios_family_arm_m3_Hwi_startup__E)
                  0000a7d0    00000006                   : BIOS.obj (.text:ti_sysbios_family_arm_m3_Hwi_doTaskRestore__I)
                  0000a7d6    00000002     --HOLE-- [fill = 0]
                  0000a7d8    00000006                   : BIOS.obj (.text:ti_sysbios_family_arm_m3_Hwi_restoreFxn__E)
                  0000a7de    00000002     --HOLE-- [fill = 0]
                  0000a7e0    00000006                   : BIOS.obj (.text:ti_sysbios_gates_GateHwi_leave__E)
                  0000a7e6    00000002     --HOLE-- [fill = 0]
                  0000a7e8    00000006                   : BIOS.obj (.text:ti_sysbios_heaps_HeapMem_isBlocking__E)
                  0000a7ee    00000002     --HOLE-- [fill = 0]
                  0000a7f0    00000006                   : BIOS.obj (.text:ti_sysbios_knl_Queue_Instance_init__E)
                  0000a7f6    00000002     --HOLE-- [fill = 0]
                  0000a7f8    00000006                   : BIOS.obj (.text:ti_sysbios_knl_Swi_startup__E)
                  0000a7fe    00000002     --HOLE-- [fill = 0]
                  0000a800    00000004                   : BIOS.obj (.text:ti_sysbios_gates_GateHwi_query__E)
                  0000a804    00000004     --HOLE-- [fill = 0]
                  0000a808    00000004                   : BIOS.obj (.text:ti_sysbios_gates_GateMutex_query__E)
                  0000a80c    00000004     --HOLE-- [fill = 0]
                  0000a810    00000004                   : BIOS.obj (.text:ti_sysbios_knl_Task_startup__E)
                  0000a814    00000004     --HOLE-- [fill = 0]
                  0000a818    00000002                   : BIOS.obj (.text:ti_sysbios_BIOS_linkedWithIncorrectBootLibrary__E)
                  0000a81a    00000006     --HOLE-- [fill = 0]
                  0000a820    00000002                   : BIOS.obj (.text:ti_sysbios_family_arm_m3_TimestampProvider_rolloverFunc__E)
                  0000a822    00000006     --HOLE-- [fill = 0]
                  0000a828    00000002                   : BIOS.obj (.text:ti_sysbios_gates_GateHwi_Instance_init__E)

.const     0    0000a830    0000293b     
                  0000a830    00001f32     empty_min_pem4f.oem4f (.const:xdc_runtime_Text_charTab__A)
                  0000c762    00000002     empty_min_pem4f.oem4f (.const:ti_sysbios_family_arm_m3_Hwi_Module__id__C)
                  0000c764    00000004     empty_min_pem4f.oem4f (.const:ti_sysbios_family_arm_m3_Hwi_E_NMI__C)
                  0000c768    00000158     rtsv7M4_T_le_v4SPD16_eabi.lib : k_rem_pio2.obj (.const:$O1$$)
                  0000c8c0    000000f8     empty_min_pem4f.oem4f (.const:xdc_runtime_Text_nodeTab__A)
                  0000c9b8    00000098     rtsv7M4_T_le_v4SPD16_eabi.lib : s_atan.obj (.const:$O1$$)
                  0000ca50    00000060     empty_min_pem4f.oem4f (.const:ti_uia_loggers_LoggerStopMode_Module__FXNS__C)
                  0000cab0    00000048     empty_min_pem4f.oem4f (.const:.string)
                  0000caf8    0000003c     empty_min_pem4f.oem4f (.const:ti_sysbios_knl_Task_Object__PARAMS__C)
                  0000cb34    00000004     empty_min_pem4f.oem4f (.const:ti_sysbios_family_arm_m3_Hwi_E_alreadyDefined__C)
                  0000cb38    00000030     rtsv7M4_T_le_v4SPD16_eabi.lib : e_pow.obj (.const:$O1$$)
                  0000cb68    00000030     empty_min_pem4f.oem4f (.const:ti_sysbios_family_arm_m3_Hwi_Object__PARAMS__C)
                  0000cb98    0000002c     empty_min_pem4f.oem4f (.const:xdc_runtime_Startup_sfxnTab__A)
                  0000cbc4    00000028     drivers_MSP432P401R.aem4f : PWMTimerMSP432.oem4f (.const)
                  0000cbec    00000028     empty_min_pem4f.oem4f (.const:ti_sysbios_heaps_HeapMem_Module__FXNS__C)
                  0000cc14    00000028     empty_min_pem4f.oem4f (.const:ti_uia_loggers_LoggerStopMode_Object__PARAMS__C)
                  0000cc3c    00000024     MSP_EXP432P401R.obj (.const:PWM_config)
                  0000cc60    00000024     empty_min_pem4f.oem4f (.const:ti_sysbios_gates_GateHwi_Module__FXNS__C)
                  0000cc84    00000024     empty_min_pem4f.oem4f (.const:ti_sysbios_gates_GateMutex_Module__FXNS__C)
                  0000cca8    00000024     empty_min_pem4f.oem4f (.const:ti_sysbios_heaps_HeapMem_Object__PARAMS__C)
                  0000cccc    00000024     empty_min_pem4f.oem4f (.const:ti_sysbios_knl_Clock_Object__PARAMS__C)
                  0000ccf0    00000024     empty_min_pem4f.oem4f (.const:ti_sysbios_knl_Semaphore_Object__PARAMS__C)
                  0000cd14    00000020     empty_min_pem4f.oem4f (.const:ti_sysbios_family_arm_m3_Hwi_Object__DESC__C)
                  0000cd34    00000020     empty_min_pem4f.oem4f (.const:ti_sysbios_gates_GateHwi_Object__DESC__C)
                  0000cd54    00000020     empty_min_pem4f.oem4f (.const:ti_sysbios_gates_GateMutex_Object__DESC__C)
                  0000cd74    00000020     empty_min_pem4f.oem4f (.const:ti_sysbios_heaps_HeapMem_Object__DESC__C)
                  0000cd94    00000020     empty_min_pem4f.oem4f (.const:ti_sysbios_knl_Clock_Object__DESC__C)
                  0000cdb4    00000020     empty_min_pem4f.oem4f (.const:ti_sysbios_knl_Queue_Object__DESC__C)
                  0000cdd4    00000020     empty_min_pem4f.oem4f (.const:ti_sysbios_knl_Semaphore_Object__DESC__C)
                  0000cdf4    00000020     empty_min_pem4f.oem4f (.const:ti_sysbios_knl_Task_Object__DESC__C)
                  0000ce14    00000020     empty_min_pem4f.oem4f (.const:ti_uia_loggers_LoggerStopMode_Object__DESC__C)
                  0000ce34    00000018     drivers_MSP432P401R.aem4f : PWM.oem4f (.const)
                  0000ce4c    00000018     MSP_EXP432P401R.obj (.const:pwmTimerMSP432HWAttrs)
                  0000ce64    00000018     empty_min_pem4f.oem4f (.const:ti_sysbios_gates_GateHwi_Object__PARAMS__C)
                  0000ce7c    00000018     empty_min_pem4f.oem4f (.const:ti_sysbios_gates_GateMutex_Object__PARAMS__C)
                  0000ce94    00000018     empty_min_pem4f.oem4f (.const:ti_sysbios_knl_Queue_Object__PARAMS__C)
                  0000ceac    00000016     empty_min_pem4f.oem4f (.const:xdc_runtime_Startup_sfxnRts__A)
                  0000cec2    00000002     empty_min_pem4f.oem4f (.const:ti_sysbios_family_arm_m3_Hwi_Module__loggerDefined__C)
                  0000cec4    00000014     MSP_EXP432P401R.obj (.const:GPIOMSP432_config)
                  0000ced8    00000010     MSP_EXP432P401R.obj (.const:PowerMSP432_config)
                  0000cee8    0000000c     drivers_MSP432P401R.aem4f : GPIOMSP432.oem4f (.const:.string)
                  0000cef4    0000000c     empty_min_pem4f.oem4f (.const:xdc_runtime_Startup_firstFxns__A)
                  0000cf00    00000008     MSP_EXP432P401R.obj (.const:.string:$P$T0$1)
                  0000cf08    00000008     empty_min_pem4f.oem4f (.const:ti_sysbios_family_arm_m3_Hwi_excHookFuncs__A)
                  0000cf10    00000008     empty_min_pem4f.oem4f (.const:ti_sysbios_knl_Idle_funcList__A)
                  0000cf18    00000008     empty_min_pem4f.oem4f (.const:ti_sysbios_knl_Idle_funcList__C)
                  0000cf20    00000008     empty_min_pem4f.oem4f (.const:xdc_runtime_Startup_firstFxns__C)
                  0000cf28    00000008     empty_min_pem4f.oem4f (.const:xdc_runtime_Startup_lastFxns__C)
                  0000cf30    00000004     empty_min_pem4f.oem4f (.const:ti_sysbios_family_arm_m3_Hwi_E_busFault__C)
                  0000cf34    00000004     empty_min_pem4f.oem4f (.const:ti_sysbios_family_arm_m3_Hwi_E_debugMon__C)
                  0000cf38    00000004     empty_min_pem4f.oem4f (.const:ti_sysbios_family_arm_m3_Hwi_E_hardFault__C)
                  0000cf3c    00000004     empty_min_pem4f.oem4f (.const:ti_sysbios_family_arm_m3_Hwi_E_memFault__C)
                  0000cf40    00000004     empty_min_pem4f.oem4f (.const:ti_sysbios_family_arm_m3_Hwi_E_noIsr__C)
                  0000cf44    00000004     empty_min_pem4f.oem4f (.const:ti_sysbios_family_arm_m3_Hwi_E_reserved__C)
                  0000cf48    00000004     empty_min_pem4f.oem4f (.const:ti_sysbios_family_arm_m3_Hwi_E_svCall__C)
                  0000cf4c    00000004     empty_min_pem4f.oem4f (.const:ti_sysbios_family_arm_m3_Hwi_E_usageFault__C)
                  0000cf50    00000004     empty_min_pem4f.oem4f (.const:ti_sysbios_family_arm_m3_Hwi_LD_end__C)
                  0000cf54    00000004     empty_min_pem4f.oem4f (.const:ti_sysbios_family_arm_m3_Hwi_LM_begin__C)
                  0000cf58    00000004     empty_min_pem4f.oem4f (.const:ti_sysbios_family_arm_m3_Hwi_Module__diagsEnabled__C)
                  0000cf5c    00000004     empty_min_pem4f.oem4f (.const:ti_sysbios_family_arm_m3_Hwi_Module__diagsIncluded__C)
                  0000cf60    00000004     empty_min_pem4f.oem4f (.const:ti_sysbios_family_arm_m3_Hwi_Module__diagsMask__C)
                  0000cf64    00000004     empty_min_pem4f.oem4f (.const:ti_sysbios_family_arm_m3_Hwi_Module__loggerFxn1__C)
                  0000cf68    00000004     empty_min_pem4f.oem4f (.const:ti_sysbios_family_arm_m3_Hwi_Module__loggerFxn8__C)
                  0000cf6c    00000004     empty_min_pem4f.oem4f (.const:ti_sysbios_family_arm_m3_Hwi_Module__loggerObj__C)
                  0000cf70    00000004     empty_min_pem4f.oem4f (.const:ti_sysbios_family_arm_m3_Hwi_NUM_INTERRUPTS__C)
                  0000cf74    00000004     empty_min_pem4f.oem4f (.const:ti_sysbios_family_arm_m3_Hwi_Object__count__C)
                  0000cf78    00000004     empty_min_pem4f.oem4f (.const:ti_sysbios_family_arm_m3_Hwi_ccr__C)
                  0000cf7c    00000004     empty_min_pem4f.oem4f (.const:ti_sysbios_family_arm_m3_Hwi_excHandlerFunc__C)
                  0000cf80    00000004     empty_min_pem4f.oem4f (.const:ti_sysbios_family_arm_m3_Hwi_excHookFuncs__C)
                  0000cf84    00000004     empty_min_pem4f.oem4f (.const:ti_sysbios_family_arm_m3_Hwi_nullIsrFunc__C)
                  0000cf88    00000004     empty_min_pem4f.oem4f (.const:ti_sysbios_family_arm_m3_Hwi_priGroup__C)
                  0000cf8c    00000004     empty_min_pem4f.oem4f (.const:ti_sysbios_family_arm_m3_TaskSupport_stackAlignment__C)
                  0000cf90    00000004     empty_min_pem4f.oem4f (.const:ti_sysbios_family_arm_m3_Timer_E_cannotSupport__C)
                  0000cf94    00000004     empty_min_pem4f.oem4f (.const:ti_sysbios_family_arm_m3_Timer_startupNeeded__C)
                  0000cf98    00000004     empty_min_pem4f.oem4f (.const:ti_sysbios_family_arm_msp432_Timer_numTimerDevices__C)
                  0000cf9c    00000004     empty_min_pem4f.oem4f (.const:ti_sysbios_family_arm_msp432_Timer_startupNeeded__C)
                  0000cfa0    00000004     empty_min_pem4f.oem4f (.const:ti_sysbios_gates_GateMutex_Instance_State_sem__O)
                  0000cfa4    00000004     empty_min_pem4f.oem4f (.const:ti_sysbios_heaps_HeapMem_E_memory__C)
                  0000cfa8    00000004     empty_min_pem4f.oem4f (.const:ti_sysbios_heaps_HeapMem_Module__gateObj__C)
                  0000cfac    00000004     empty_min_pem4f.oem4f (.const:ti_sysbios_heaps_HeapMem_Object__count__C)
                  0000cfb0    00000004     empty_min_pem4f.oem4f (.const:ti_sysbios_heaps_HeapMem_reqAlign__C)
                  0000cfb4    00000004     empty_min_pem4f.oem4f (.const:ti_sysbios_knl_Clock_LM_begin__C)
                  0000cfb8    00000004     empty_min_pem4f.oem4f (.const:ti_sysbios_knl_Clock_LM_tick__C)
                  0000cfbc    00000004     empty_min_pem4f.oem4f (.const:ti_sysbios_knl_Clock_LW_delayed__C)
                  0000cfc0    00000004     empty_min_pem4f.oem4f (.const:ti_sysbios_knl_Clock_Module_State_clockQ__O)
                  0000cfc4    00000004     empty_min_pem4f.oem4f (.const:ti_sysbios_knl_Clock_Module__diagsEnabled__C)
                  0000cfc8    00000004     empty_min_pem4f.oem4f (.const:ti_sysbios_knl_Clock_Module__diagsIncluded__C)
                  0000cfcc    00000004     empty_min_pem4f.oem4f (.const:ti_sysbios_knl_Clock_Module__diagsMask__C)
                  0000cfd0    00000004     empty_min_pem4f.oem4f (.const:ti_sysbios_knl_Clock_Module__loggerFxn1__C)
                  0000cfd4    00000004     empty_min_pem4f.oem4f (.const:ti_sysbios_knl_Clock_Module__loggerFxn2__C)
                  0000cfd8    00000004     empty_min_pem4f.oem4f (.const:ti_sysbios_knl_Clock_Module__loggerObj__C)
                  0000cfdc    00000004     empty_min_pem4f.oem4f (.const:ti_sysbios_knl_Semaphore_Instance_State_pendQ__O)
                  0000cfe0    00000004     empty_min_pem4f.oem4f (.const:ti_sysbios_knl_Semaphore_LM_pend__C)
                  0000cfe4    00000004     empty_min_pem4f.oem4f (.const:ti_sysbios_knl_Semaphore_LM_post__C)
                  0000cfe8    00000004     empty_min_pem4f.oem4f (.const:ti_sysbios_knl_Semaphore_Module__diagsEnabled__C)
                  0000cfec    00000004     empty_min_pem4f.oem4f (.const:ti_sysbios_knl_Semaphore_Module__diagsIncluded__C)
                  0000cff0    00000004     empty_min_pem4f.oem4f (.const:ti_sysbios_knl_Semaphore_Module__diagsMask__C)
                  0000cff4    00000004     empty_min_pem4f.oem4f (.const:ti_sysbios_knl_Semaphore_Module__loggerFxn2__C)
                  0000cff8    00000004     empty_min_pem4f.oem4f (.const:ti_sysbios_knl_Semaphore_Module__loggerFxn4__C)
                  0000cffc    00000004     empty_min_pem4f.oem4f (.const:ti_sysbios_knl_Semaphore_Module__loggerObj__C)
                  0000d000    00000004     empty_min_pem4f.oem4f (.const:ti_sysbios_knl_Swi_LD_end__C)
                  0000d004    00000004     empty_min_pem4f.oem4f (.const:ti_sysbios_knl_Swi_LM_begin__C)
                  0000d008    00000004     empty_min_pem4f.oem4f (.const:ti_sysbios_knl_Swi_LM_post__C)
                  0000d00c    00000004     empty_min_pem4f.oem4f (.const:ti_sysbios_knl_Swi_Module__diagsEnabled__C)
                  0000d010    00000004     empty_min_pem4f.oem4f (.const:ti_sysbios_knl_Swi_Module__diagsIncluded__C)
                  0000d014    00000004     empty_min_pem4f.oem4f (.const:ti_sysbios_knl_Swi_Module__diagsMask__C)
                  0000d018    00000004     empty_min_pem4f.oem4f (.const:ti_sysbios_knl_Swi_Module__loggerFxn1__C)
                  0000d01c    00000004     empty_min_pem4f.oem4f (.const:ti_sysbios_knl_Swi_Module__loggerFxn4__C)
                  0000d020    00000004     empty_min_pem4f.oem4f (.const:ti_sysbios_knl_Swi_Module__loggerObj__C)
                  0000d024    00000004     empty_min_pem4f.oem4f (.const:ti_sysbios_knl_Swi_Object__count__C)
                  0000d028    00000004     empty_min_pem4f.oem4f (.const:ti_sysbios_knl_Task_LD_block__C)
                  0000d02c    00000004     empty_min_pem4f.oem4f (.const:ti_sysbios_knl_Task_LD_exit__C)
                  0000d030    00000004     empty_min_pem4f.oem4f (.const:ti_sysbios_knl_Task_LD_ready__C)
                  0000d034    00000004     empty_min_pem4f.oem4f (.const:ti_sysbios_knl_Task_LM_switch__C)
                  0000d038    00000004     empty_min_pem4f.oem4f (.const:ti_sysbios_knl_Task_Module_State_inactiveQ__O)
                  0000d03c    00000004     empty_min_pem4f.oem4f (.const:ti_sysbios_knl_Task_Module__diagsEnabled__C)
                  0000d040    00000004     empty_min_pem4f.oem4f (.const:ti_sysbios_knl_Task_Module__diagsIncluded__C)
                  0000d044    00000004     empty_min_pem4f.oem4f (.const:ti_sysbios_knl_Task_Module__diagsMask__C)
                  0000d048    00000004     empty_min_pem4f.oem4f (.const:ti_sysbios_knl_Task_Module__loggerFxn2__C)
                  0000d04c    00000004     empty_min_pem4f.oem4f (.const:ti_sysbios_knl_Task_Module__loggerFxn4__C)
                  0000d050    00000004     empty_min_pem4f.oem4f (.const:ti_sysbios_knl_Task_Module__loggerObj__C)
                  0000d054    00000004     empty_min_pem4f.oem4f (.const:ti_sysbios_knl_Task_Object__count__C)
                  0000d058    00000004     empty_min_pem4f.oem4f (.const:ti_sysbios_knl_Task_allBlockedFunc__C)
                  0000d05c    00000004     empty_min_pem4f.oem4f (.const:ti_sysbios_knl_Task_defaultStackHeap__C)
                  0000d060    00000004     empty_min_pem4f.oem4f (.const:ti_sysbios_knl_Task_defaultStackSize__C)
                  0000d064    00000004     empty_min_pem4f.oem4f (.const:ti_sysbios_knl_Task_numConstructedTasks__C)
                  0000d068    00000004     empty_min_pem4f.oem4f (.const:ti_sysbios_utils_Load_LS_cpuLoad__C)
                  0000d06c    00000004     empty_min_pem4f.oem4f (.const:ti_sysbios_utils_Load_Module__diagsEnabled__C)
                  0000d070    00000004     empty_min_pem4f.oem4f (.const:ti_sysbios_utils_Load_Module__diagsIncluded__C)
                  0000d074    00000004     empty_min_pem4f.oem4f (.const:ti_sysbios_utils_Load_Module__diagsMask__C)
                  0000d078    00000004     empty_min_pem4f.oem4f (.const:ti_sysbios_utils_Load_Module__loggerFxn1__C)
                  0000d07c    00000004     empty_min_pem4f.oem4f (.const:ti_sysbios_utils_Load_Module__loggerObj__C)
                  0000d080    00000004     empty_min_pem4f.oem4f (.const:ti_sysbios_utils_Load_postUpdate__C)
                  0000d084    00000004     empty_min_pem4f.oem4f (.const:ti_sysbios_utils_Load_windowInMs__C)
                  0000d088    00000004     empty_min_pem4f.oem4f (.const:ti_uia_loggers_LoggerStopMode_Module__diagsEnabled__C)
                  0000d08c    00000004     empty_min_pem4f.oem4f (.const:ti_uia_loggers_LoggerStopMode_Module__diagsIncluded__C)
                  0000d090    00000004     empty_min_pem4f.oem4f (.const:ti_uia_loggers_LoggerStopMode_Module__diagsMask__C)
                  0000d094    00000004     empty_min_pem4f.oem4f (.const:ti_uia_loggers_LoggerStopMode_Object__count__C)
                  0000d098    00000004     empty_min_pem4f.oem4f (.const:ti_uia_runtime_ILoggerSnapshot_Interface__BASE__C)
                  0000d09c    00000004     empty_min_pem4f.oem4f (.const:ti_uia_runtime_IUIATransfer_Interface__BASE__C)
                  0000d0a0    00000004     empty_min_pem4f.oem4f (.const:xdc_runtime_Assert_E_assertFailed__C)
                  0000d0a4    00000004     empty_min_pem4f.oem4f (.const:xdc_runtime_Core_A_initializedParams__C)
                  0000d0a8    00000004     empty_min_pem4f.oem4f (.const:xdc_runtime_Core_Module__diagsEnabled__C)
                  0000d0ac    00000004     empty_min_pem4f.oem4f (.const:xdc_runtime_Core_Module__diagsIncluded__C)
                  0000d0b0    00000004     empty_min_pem4f.oem4f (.const:xdc_runtime_Core_Module__diagsMask__C)
                  0000d0b4    00000004     empty_min_pem4f.oem4f (.const:xdc_runtime_Error_E_memory__C)
                  0000d0b8    00000004     empty_min_pem4f.oem4f (.const:xdc_runtime_Error_Module__diagsEnabled__C)
                  0000d0bc    00000004     empty_min_pem4f.oem4f (.const:xdc_runtime_Error_Module__diagsIncluded__C)
                  0000d0c0    00000004     empty_min_pem4f.oem4f (.const:xdc_runtime_Error_Module__diagsMask__C)
                  0000d0c4    00000004     empty_min_pem4f.oem4f (.const:xdc_runtime_Error_Module__loggerFxn8__C)
                  0000d0c8    00000004     empty_min_pem4f.oem4f (.const:xdc_runtime_Error_Module__loggerObj__C)
                  0000d0cc    00000004     empty_min_pem4f.oem4f (.const:xdc_runtime_Error_policyFxn__C)
                  0000d0d0    00000004     empty_min_pem4f.oem4f (.const:xdc_runtime_Error_raiseHook__C)
                  0000d0d4    00000004     empty_min_pem4f.oem4f (.const:xdc_runtime_IFilterLogger_Interface__BASE__C)
                  0000d0d8    00000004     empty_min_pem4f.oem4f (.const:xdc_runtime_IGateProvider_Interface__BASE__C)
                  0000d0dc    00000004     empty_min_pem4f.oem4f (.const:xdc_runtime_IHeap_Interface__BASE__C)
                  0000d0e0    00000004     empty_min_pem4f.oem4f (.const:xdc_runtime_ILogger_Interface__BASE__C)
                  0000d0e4    00000004     empty_min_pem4f.oem4f (.const:xdc_runtime_IModule_Interface__BASE__C)
                  0000d0e8    00000004     empty_min_pem4f.oem4f (.const:xdc_runtime_Log_L_error__C)
                  0000d0ec    00000004     empty_min_pem4f.oem4f (.const:xdc_runtime_Memory_defaultHeapInstance__C)
                  0000d0f0    00000004     empty_min_pem4f.oem4f (.const:xdc_runtime_Startup_execImpl__C)
                  0000d0f4    00000004     empty_min_pem4f.oem4f (.const:xdc_runtime_Startup_lastFxns__A)
                  0000d0f8    00000004     empty_min_pem4f.oem4f (.const:xdc_runtime_Startup_maxPasses__C)
                  0000d0fc    00000004     empty_min_pem4f.oem4f (.const:xdc_runtime_Startup_sfxnRts__C)
                  0000d100    00000004     empty_min_pem4f.oem4f (.const:xdc_runtime_Startup_sfxnTab__C)
                  0000d104    00000004     empty_min_pem4f.oem4f (.const:xdc_runtime_SysMin_bufSize__C)
                  0000d108    00000004     empty_min_pem4f.oem4f (.const:xdc_runtime_SysMin_outputFunc__C)
                  0000d10c    00000004     empty_min_pem4f.oem4f (.const:xdc_runtime_System_Module__gateObj__C)
                  0000d110    00000004     empty_min_pem4f.oem4f (.const:xdc_runtime_System_abortFxn__C)
                  0000d114    00000004     empty_min_pem4f.oem4f (.const:xdc_runtime_System_exitFxn__C)
                  0000d118    00000004     empty_min_pem4f.oem4f (.const:xdc_runtime_System_extendFxn__C)
                  0000d11c    00000004     empty_min_pem4f.oem4f (.const:xdc_runtime_System_maxAtexitHandlers__C)
                  0000d120    00000004     empty_min_pem4f.oem4f (.const:xdc_runtime_Text_charTab__C)
                  0000d124    00000004     empty_min_pem4f.oem4f (.const:xdc_runtime_Text_nameEmpty__C)
                  0000d128    00000004     empty_min_pem4f.oem4f (.const:xdc_runtime_Text_nameStatic__C)
                  0000d12c    00000004     empty_min_pem4f.oem4f (.const:xdc_runtime_Text_nameUnknown__C)
                  0000d130    00000004     empty_min_pem4f.oem4f (.const:xdc_runtime_Text_nodeTab__C)
                  0000d134    00000004     empty_min_pem4f.oem4f (.const:xdc_runtime_Text_visitRopeFxn__C)
                  0000d138    00000002     empty_min_pem4f.oem4f (.const:ti_sysbios_family_arm_m3_Timer_Module__id__C)
                  0000d13a    00000002     empty_min_pem4f.oem4f (.const:ti_sysbios_family_arm_m3_TimestampProvider_configTimer__C)
                  0000d13c    00000002     empty_min_pem4f.oem4f (.const:ti_sysbios_heaps_HeapMem_Module__id__C)
                  0000d13e    00000002     empty_min_pem4f.oem4f (.const:ti_sysbios_knl_Clock_Module__id__C)
                  0000d140    00000002     empty_min_pem4f.oem4f (.const:ti_sysbios_knl_Clock_Module__loggerDefined__C)
                  0000d142    00000002     empty_min_pem4f.oem4f (.const:ti_sysbios_knl_Semaphore_Module__id__C)
                  0000d144    00000002     empty_min_pem4f.oem4f (.const:ti_sysbios_knl_Semaphore_Module__loggerDefined__C)
                  0000d146    00000002     empty_min_pem4f.oem4f (.const:ti_sysbios_knl_Swi_Module__id__C)
                  0000d148    00000002     empty_min_pem4f.oem4f (.const:ti_sysbios_knl_Swi_Module__loggerDefined__C)
                  0000d14a    00000002     empty_min_pem4f.oem4f (.const:ti_sysbios_knl_Task_Module__id__C)
                  0000d14c    00000002     empty_min_pem4f.oem4f (.const:ti_sysbios_knl_Task_Module__loggerDefined__C)
                  0000d14e    00000002     empty_min_pem4f.oem4f (.const:ti_sysbios_utils_Load_Module__id__C)
                  0000d150    00000002     empty_min_pem4f.oem4f (.const:ti_sysbios_utils_Load_Module__loggerDefined__C)
                  0000d152    00000002     empty_min_pem4f.oem4f (.const:ti_sysbios_utils_Load_updateInIdle__C)
                  0000d154    00000002     empty_min_pem4f.oem4f (.const:ti_uia_loggers_LoggerStopMode_Module__id__C)
                  0000d156    00000002     empty_min_pem4f.oem4f (.const:ti_uia_loggers_LoggerStopMode_isTimestampEnabled__C)
                  0000d158    00000002     empty_min_pem4f.oem4f (.const:xdc_runtime_Core_Module__id__C)
                  0000d15a    00000002     empty_min_pem4f.oem4f (.const:xdc_runtime_Error_Module__loggerDefined__C)
                  0000d15c    00000002     empty_min_pem4f.oem4f (.const:xdc_runtime_Error_maxDepth__C)
                  0000d15e    00000002     empty_min_pem4f.oem4f (.const:xdc_runtime_Memory_Module__id__C)
                  0000d160    00000002     empty_min_pem4f.oem4f (.const:xdc_runtime_SysMin_flushAtExit__C)
                  0000d162    00000002     empty_min_pem4f.oem4f (.const:xdc_runtime_Text_charCnt__C)
                  0000d164    00000002     empty_min_pem4f.oem4f (.const:xdc_runtime_Text_isLoaded__C)
                  0000d166    00000002     empty_min_pem4f.oem4f (.const:xdc_runtime_Text_registryModsLastId__C)
                  0000d168    00000002     empty_min_pem4f.oem4f (.const:xdc_runtime_Text_unnamedModsLastId__C)
                  0000d16a    00000001     empty_min_pem4f.oem4f (.const:xdc_runtime_Error_policy__C)

.cinit     0    0000d170    0000047c     
                  0000d170    0000043f     (.cinit..data.load) [load image, compression = rle]
                  0000d5af    00000001     --HOLE-- [fill = 0]
                  0000d5b0    0000000b     (.cinit..bss.load) [load image, compression = rle]
                  0000d5bb    00000005     --HOLE-- [fill = 0]
                  0000d5c0    0000000b     (.cinit..vecs.load) [load image, compression = rle]
                  0000d5cb    00000001     --HOLE-- [fill = 0]
                  0000d5cc    00000008     (__TI_handler_table)
                  0000d5d4    00000018     (__TI_cinit_table)

.resetVecs 
*          0    00000000    0000003c     
                  00000000    0000003c     empty_min_pem4f.oem4f (.resetVecs)

.bss       0    20000180    00001a44     UNINITIALIZED
                  20000180    00000400     (.common:ti_sysbios_heaps_HeapMem_Instance_State_0_buf__A)
                  20000580    00000400     (.common:ti_uia_loggers_LoggerStopMode_Instance_State_1_packetArray__A)
                  20000980    00000400     (.common:ti_uia_loggers_LoggerStopMode_Instance_State_2_packetArray__A)
                  20000d80    00000200     (.common:task1Stack)
                  20000f80    00000200     (.common:task2Stack)
                  20001180    00000200     (.common:task3Stack)
                  20001380    00000200     (.common:ti_uia_loggers_LoggerStopMode_Instance_State_0_packetArray__A)
                  20001580    00000140     (.common:ti_sysbios_family_arm_m3_Hwi_dispatchTable)
                  200016c0    00000120     rtsv7M4_T_le_v4SPD16_eabi.lib : trgmsg.obj (.bss:_CIOBUF_)
                  200017e0    00000080     (.common:xdc_runtime_SysMin_Module_State_0_outbuf__A)
                  20001860    00000050     (.common:task1Struct)
                  200018b0    00000050     (.common:task2Struct)
                  20001900    00000050     (.common:task3Struct)
                  20001950    00000030     drivers_MSP432P401R.aem4f : GPIOMSP432.oem4f (.bss:gpioCallbackInfo)
                  20001980    00000030     (.common:ti_uia_loggers_LoggerStopMode_Instance_State_0_hdr__A)
                  200019b0    0000001c     (.common:semStruct)
                  200019cc    00000018     (.common:params)
                  200019e4    00000018     (.common:pwmTimerMSP432Objects)
                  200019fc    00000004     (.common:Ka)
                  20001a00    00000030     (.common:ti_uia_loggers_LoggerStopMode_Instance_State_1_hdr__A)
                  20001a30    00000018     (.common:waypointsH)
                  20001a48    00000018     (.common:waypointsX)
                  20001a60    00000018     (.common:waypointsY)
                  20001a78    00000008     rtsv7M4_T_le_v4SPD16_eabi.lib : trgdrv.obj (.bss:parmbuf)
                  20001a80    00000030     (.common:ti_uia_loggers_LoggerStopMode_Instance_State_2_hdr__A)
                  20001ab0    00000014     (.common:velocityLeft)
                  20001ac4    00000014     (.common:velocityRight)
                  20001ad8    0000000c     (.common:movingLeftCount)
                  20001ae4    0000000c     (.common:movingRightCount)
                  20001af0    00000008     (.common:alpha)
                  20001af8    00000008     (.common:enc_count)
                  20001b00    00000008     (.common:prevX)
                  20001b08    00000008     (.common:prevY)
                  20001b10    00000004     (.common:Ki)
                  20001b14    00000004     (.common:KpL)
                  20001b18    00000004     (.common:KpR)
                  20001b1c    00000004     (.common:Kphi)
                  20001b20    00000004     (.common:bias)
                  20001b24    00000004     (.common:count)
                  20001b28    00000004     (.common:countL)
                  20001b2c    00000004     (.common:countPos)
                  20001b30    00000004     (.common:countR)
                  20001b34    00000004     (.common:countTP)
                  20001b38    00000004     (.common:countWayPoints)
                  20001b3c    00000004     (.common:currentHeading)
                  20001b40    00000004     (.common:currentVelL)
                  20001b44    00000004     (.common:currentVelL1)
                  20001b48    00000004     (.common:currentVelR)
                  20001b4c    00000004     (.common:currentVelR1)
                  20001b50    00000004     (.common:currentVelocityL)
                  20001b54    00000004     (.common:currentVelocityR)
                  20001b58    00000004     (.common:currentX)
                  20001b5c    00000004     (.common:currentY)
                  20001b60    00000004     (.common:desiredHeading)
                  20001b64    00000004     (.common:desiredVel)
                  20001b68    00000004     (.common:desiredX)
                  20001b6c    00000004     (.common:desiredY)
                  20001b70    00000004     (.common:duty)
                  20001b74    00000004     (.common:e3)
                  20001b78    00000004     (.common:error_l)
[...]
0000cfac  ti_sysbios_heaps_HeapMem_Object__count__C                    
0000cfb0  ti_sysbios_heaps_HeapMem_reqAlign__C                         
0000cfb4  ti_sysbios_knl_Clock_LM_begin__C                             
0000cfb8  ti_sysbios_knl_Clock_LM_tick__C                              
0000cfbc  ti_sysbios_knl_Clock_LW_delayed__C                           
0000cfc0  ti_sysbios_knl_Clock_Module_State_clockQ__O                  
0000cfc4  ti_sysbios_knl_Clock_Module__diagsEnabled__C                 
0000cfc8  ti_sysbios_knl_Clock_Module__diagsIncluded__C                
0000cfcc  ti_sysbios_knl_Clock_Module__diagsMask__C                    
0000cfd0  ti_sysbios_knl_Clock_Module__loggerFxn1__C                   
0000cfd4  ti_sysbios_knl_Clock_Module__loggerFxn2__C                   
0000cfd8  ti_sysbios_knl_Clock_Module__loggerObj__C                    
0000cfdc  ti_sysbios_knl_Semaphore_Instance_State_pendQ__O             
0000cfe0  ti_sysbios_knl_Semaphore_LM_pend__C                          
0000cfe4  ti_sysbios_knl_Semaphore_LM_post__C                          
0000cfe8  ti_sysbios_knl_Semaphore_Module__diagsEnabled__C             
0000cfec  ti_sysbios_knl_Semaphore_Module__diagsIncluded__C            
0000cff0  ti_sysbios_knl_Semaphore_Module__diagsMask__C                
0000cff4  ti_sysbios_knl_Semaphore_Module__loggerFxn2__C               
0000cff8  ti_sysbios_knl_Semaphore_Module__loggerFxn4__C               
0000cffc  ti_sysbios_knl_Semaphore_Module__loggerObj__C                
0000d000  ti_sysbios_knl_Swi_LD_end__C                                 
0000d004  ti_sysbios_knl_Swi_LM_begin__C                               
0000d008  ti_sysbios_knl_Swi_LM_post__C                                
0000d00c  ti_sysbios_knl_Swi_Module__diagsEnabled__C                   
0000d010  ti_sysbios_knl_Swi_Module__diagsIncluded__C                  
0000d014  ti_sysbios_knl_Swi_Module__diagsMask__C                      
0000d018  ti_sysbios_knl_Swi_Module__loggerFxn1__C                     
0000d01c  ti_sysbios_knl_Swi_Module__loggerFxn4__C                     
0000d020  ti_sysbios_knl_Swi_Module__loggerObj__C                      
0000d024  ti_sysbios_knl_Swi_Object__count__C                          
0000d028  ti_sysbios_knl_Task_LD_block__C                              
0000d02c  ti_sysbios_knl_Task_LD_exit__C                               
0000d030  ti_sysbios_knl_Task_LD_ready__C                              
0000d034  ti_sysbios_knl_Task_LM_switch__C                             
0000d038  ti_sysbios_knl_Task_Module_State_inactiveQ__O                
0000d03c  ti_sysbios_knl_Task_Module__diagsEnabled__C                  
0000d040  ti_sysbios_knl_Task_Module__diagsIncluded__C                 
0000d044  ti_sysbios_knl_Task_Module__diagsMask__C                     
0000d048  ti_sysbios_knl_Task_Module__loggerFxn2__C                    
0000d04c  ti_sysbios_knl_Task_Module__loggerFxn4__C                    
0000d050  ti_sysbios_knl_Task_Module__loggerObj__C                     
0000d054  ti_sysbios_knl_Task_Object__count__C                         
0000d058  ti_sysbios_knl_Task_allBlockedFunc__C                        
0000d05c  ti_sysbios_knl_Task_defaultStackHeap__C                      
0000d060  ti_sysbios_knl_Task_defaultStackSize__C                      
0000d064  ti_sysbios_knl_Task_numConstructedTasks__C                   
0000d068  ti_sysbios_utils_Load_LS_cpuLoad__C                          
0000d06c  ti_sysbios_utils_Load_Module__diagsEnabled__C                
0000d070  ti_sysbios_utils_Load_Module__diagsIncluded__C               
0000d074  ti_sysbios_utils_Load_Module__diagsMask__C                   
0000d078  ti_sysbios_utils_Load_Module__loggerFxn1__C                  
0000d07c  ti_sysbios_utils_Load_Module__loggerObj__C                   
0000d080  ti_sysbios_utils_Load_postUpdate__C                          
0000d084  ti_sysbios_utils_Load_windowInMs__C                          
0000d088  ti_uia_loggers_LoggerStopMode_Module__diagsEnabled__C        
0000d08c  ti_uia_loggers_LoggerStopMode_Module__diagsIncluded__C       
0000d090  ti_uia_loggers_LoggerStopMode_Module__diagsMask__C           
0000d094  ti_uia_loggers_LoggerStopMode_Object__count__C               
0000d098  ti_uia_runtime_ILoggerSnapshot_Interface__BASE__C            
0000d09c  ti_uia_runtime_IUIATransfer_Interface__BASE__C               
0000d0a0  xdc_runtime_Assert_E_assertFailed__C                         
0000d0a4  xdc_runtime_Core_A_initializedParams__C                      
0000d0a8  xdc_runtime_Core_Module__diagsEnabled__C                     
0000d0ac  xdc_runtime_Core_Module__diagsIncluded__C                    
0000d0b0  xdc_runtime_Core_Module__diagsMask__C                        
0000d0b4  xdc_runtime_Error_E_memory__C                                
0000d0b8  xdc_runtime_Error_Module__diagsEnabled__C                    
0000d0bc  xdc_runtime_Error_Module__diagsIncluded__C                   
0000d0c0  xdc_runtime_Error_Module__diagsMask__C                       
0000d0c4  xdc_runtime_Error_Module__loggerFxn8__C                      
0000d0c8  xdc_runtime_Error_Module__loggerObj__C                       
0000d0cc  xdc_runtime_Error_policyFxn__C                               
0000d0d0  xdc_runtime_Error_raiseHook__C                               
0000d0d4  xdc_runtime_IFilterLogger_Interface__BASE__C                 
0000d0d8  xdc_runtime_IGateProvider_Interface__BASE__C                 
0000d0dc  xdc_runtime_IHeap_Interface__BASE__C                         
0000d0e0  xdc_runtime_ILogger_Interface__BASE__C                       
0000d0e4  xdc_runtime_IModule_Interface__BASE__C                       
0000d0e8  xdc_runtime_Log_L_error__C                                   
0000d0ec  xdc_runtime_Memory_defaultHeapInstance__C                    
0000d0f0  xdc_runtime_Startup_execImpl__C                              
0000d0f4  xdc_runtime_Startup_lastFxns__A                              
0000d0f8  xdc_runtime_Startup_maxPasses__C                             
0000d0fc  xdc_runtime_Startup_sfxnRts__C                               
0000d100  xdc_runtime_Startup_sfxnTab__C                               
0000d104  xdc_runtime_SysMin_bufSize__C                                
0000d108  xdc_runtime_SysMin_outputFunc__C                             
0000d10c  xdc_runtime_System_Module__gateObj__C                        
0000d110  xdc_runtime_System_abortFxn__C                               
0000d114  xdc_runtime_System_exitFxn__C                                
0000d118  xdc_runtime_System_extendFxn__C                              
0000d11c  xdc_runtime_System_maxAtexitHandlers__C                      
0000d120  xdc_runtime_Text_charTab__C                                  
0000d124  xdc_runtime_Text_nameEmpty__C                                
0000d128  xdc_runtime_Text_nameStatic__C                               
0000d12c  xdc_runtime_Text_nameUnknown__C                              
0000d130  xdc_runtime_Text_nodeTab__C                                  
0000d134  xdc_runtime_Text_visitRopeFxn__C                             
0000d138  ti_sysbios_family_arm_m3_Timer_Module__id__C                 
0000d13a  ti_sysbios_family_arm_m3_TimestampProvider_configTimer__C    
0000d13c  ti_sysbios_heaps_HeapMem_Module__id__C                       
0000d13e  ti_sysbios_knl_Clock_Module__id__C                           
0000d140  ti_sysbios_knl_Clock_Module__loggerDefined__C                
0000d142  ti_sysbios_knl_Semaphore_Module__id__C                       
0000d144  ti_sysbios_knl_Semaphore_Module__loggerDefined__C            
0000d146  ti_sysbios_knl_Swi_Module__id__C                             
0000d148  ti_sysbios_knl_Swi_Module__loggerDefined__C                  
0000d14a  ti_sysbios_knl_Task_Module__id__C                            
0000d14c  ti_sysbios_knl_Task_Module__loggerDefined__C                 
0000d14e  ti_sysbios_utils_Load_Module__id__C                          
0000d150  ti_sysbios_utils_Load_Module__loggerDefined__C               
0000d152  ti_sysbios_utils_Load_updateInIdle__C                        
0000d154  ti_uia_loggers_LoggerStopMode_Module__id__C                  
0000d156  ti_uia_loggers_LoggerStopMode_isTimestampEnabled__C          
0000d158  xdc_runtime_Core_Module__id__C                               
0000d15a  xdc_runtime_Error_Module__loggerDefined__C                   
0000d15c  xdc_runtime_Error_maxDepth__C                                
0000d15e  xdc_runtime_Memory_Module__id__C                             
0000d160  xdc_runtime_SysMin_flushAtExit__C                            
0000d162  xdc_runtime_Text_charCnt__C                                  
0000d164  xdc_runtime_Text_isLoaded__C                                 
0000d166  xdc_runtime_Text_registryModsLastId__C                       
0000d168  xdc_runtime_Text_unnamedModsLastId__C                        
0000d16a  xdc_runtime_Error_policy__C                                  
0000d170  __TI_static_base__                                           
0000d5cc  __TI_Handler_Table_Base                                      
0000d5d4  __TI_CINIT_Base                                              
0000d5d4  __TI_Handler_Table_Limit                                     
0000d5ec  __TI_CINIT_Limit                                             
20000000  ti_sysbios_family_arm_m3_Hwi_ramVectors                      
20000180  ti_sysbios_heaps_HeapMem_Instance_State_0_buf__A             
20000580  ti_uia_loggers_LoggerStopMode_Instance_State_1_packetArray__A
20000980  ti_uia_loggers_LoggerStopMode_Instance_State_2_packetArray__A
20000d80  task1Stack                                                   
20000f80  task2Stack                                                   
20001180  task3Stack                                                   
20001380  ti_uia_loggers_LoggerStopMode_Instance_State_0_packetArray__A
20001580  ti_sysbios_family_arm_m3_Hwi_dispatchTable                   
200016c0  __CIOBUF_                                                    
200017e0  xdc_runtime_SysMin_Module_State_0_outbuf__A                  
20001860  task1Struct                                                  
200018b0  task2Struct                                                  
20001900  task3Struct                                                  
20001980  ti_uia_loggers_LoggerStopMode_Instance_State_0_hdr__A        
200019b0  semStruct                                                    
200019cc  params                                                       
200019e4  pwmTimerMSP432Objects                                        
200019fc  Ka                                                           
20001a00  ti_uia_loggers_LoggerStopMode_Instance_State_1_hdr__A        
20001a30  waypointsH                                                   
20001a48  waypointsX                                                   
20001a60  waypointsY                                                   
20001a80  ti_uia_loggers_LoggerStopMode_Instance_State_2_hdr__A        
20001ab0  velocityLeft                                                 
20001ac4  velocityRight                                                
20001ad8  movingLeftCount                                              
20001ae4  movingRightCount                                             
20001af0  alpha                                                        
20001af8  enc_count                                                    
20001b00  prevX                                                        
20001b08  prevY                                                        
20001b10  Ki                                                           
20001b14  KpL                                                          
20001b18  KpR                                                          
20001b1c  Kphi                                                         
20001b20  bias                                                         
20001b24  count                                                        
20001b28  countL                                                       
20001b2c  countPos                                                     
20001b30  countR                                                       
20001b34  countTP                                                      
20001b38  countWayPoints                                               
20001b3c  currentHeading                                               
20001b40  currentVelL                                                  
20001b44  currentVelL1                                                 
20001b48  currentVelR                                                  
20001b4c  currentVelR1                                                 
20001b50  currentVelocityL                                             
20001b54  currentVelocityR                                             
20001b58  currentX                                                     
20001b5c  currentY                                                     
20001b60  desiredHeading                                               
20001b64  desiredVel                                                   
20001b68  desiredX                                                     
20001b6c  desiredY                                                     
20001b70  duty                                                         
20001b74  e3                                                           
20001b78  error_l                                                      
20001b7c  error_r                                                      
20001b80  error_t                                                      
20001b84  global_errorHeading                                          
20001b88  global_errorX                                                
20001b8c  global_errorY                                                
20001b90  nextPWMDutyL                                                 
20001b94  nextPWMDutyR                                                 
20001b98  nextVelL                                                     
20001b9c  nextVelR                                                     
20001ba0  prevHeading                                                  
20001ba4  pwmL                                                         
20001ba8  pwmPeriod                                                    
20001bac  pwmR                                                         
20001bb0  semHandleDS                                                  
20001bb4  semHandleSS                                                  
20001bb8  semHandleTP                                                  
20001bbc  sum                                                          
20001bc0  testCount                                                    
20001bc4  PowerMSP432_perfLevels                                       
20001c60  ti_uia_loggers_LoggerStopMode_Object__table__V               
20001cfc  ti_sysbios_utils_Load_Module__state__V                       
20001e14  ti_sysbios_knl_Swi_Module_State_0_readyQ__A                  
20001e94  ti_sysbios_knl_Task_Module_State_0_readyQ__A                 
20001f14  ti_sysbios_family_arm_msp432_Timer_Object__table__V          
20001f60  ti_sysbios_knl_Task_Module__state__V                         
20001fa4  ti_sysbios_gates_GateMutex_Object__table__V                  
20001fdc  ti_sysbios_family_arm_m3_Hwi_Module__state__V                
20002040  ti_sysbios_family_arm_m3_Hwi_Object__table__V                
20002070  ti_sysbios_family_arm_m3_Timer_Object__table__V              
200020a0  ti_sysbios_knl_Swi_Object__table__V                          
200020d0  ti_sysbios_knl_Clock_Module__state__V                        
200020fc  PowerMSP432_module                                           
20002124  ti_sysbios_BIOS_Module__state__V                             
20002148  ti_sysbios_family_arm_msp432_Timer_Module_State_0_device__A  
20002168  ti_sysbios_knl_Swi_Module__state__V                          
20002184  gpioPinConfigs                                               
2000219c  ti_sysbios_heaps_HeapMem_Object__table__V                    
200021b4  gpioCallbackFunctions                                        
200021c4  ti_sysbios_family_arm_msp432_Timer_Module_State_0_handles__A 
200021d4  __TI_cleanup_ptr                                             
200021d8  __TI_dtors_ptr                                               
200021dc  __TI_enable_exit_profile_output                              
200021e0  ti_sysbios_family_arm_m3_Timer_Module__state__V              
200021ec  ti_sysbios_family_arm_msp432_ClockFreqs_Module__state__V     
200021f8  ti_sysbios_family_arm_msp432_Timer_Module__state__V          
20002204  ti_sysbios_knl_Task_Module__root__V                          
20002210  ti_uia_runtime_QueueDescriptor_Module__state__V              
2000221c  xdc_runtime_SysMin_Module__state__V                          
20002228  _lock                                                        
2000222c  _unlock                                                      
20002230  ti_uia_runtime_QueueDescriptor_gPtrToFirstDescriptor         
20002234  ti_uia_runtime_QueueDescriptor_gUpdateCount                  
20002238  ti_sysbios_family_arm_m3_Hwi_Module__root__V                 
20002240  ti_sysbios_gates_GateHwi_Module__root__V                     
20002248  ti_sysbios_gates_GateMutex_Module__root__V                   
20002250  ti_sysbios_heaps_HeapMem_Module__root__V                     
20002258  ti_sysbios_knl_Clock_Module__root__V                         
20002260  ti_sysbios_knl_Queue_Module__root__V                         
20002268  ti_sysbios_knl_Semaphore_Module__root__V                     
20002270  ti_uia_loggers_LoggerStopMode_Module__root__V                
20002278  xdc_runtime_Registry_Module__state__V                        
20002280  xdc_runtime_Startup_Module__state__V                         
20002288  xdc_runtime_System_Module_State_0_atexitHandlers__A          
20002290  xdc_runtime_System_Module__state__V                          
2000229c  errno                                                        
200022a0  main_func_sp                                                 
200022a4  ti_sysbios_family_arm_m3_Hwi_Module_State_0_excContext__A    
200022a8  ti_sysbios_family_arm_m3_Hwi_Module_State_0_excStack__A      
200022ac  ti_sysbios_family_arm_m3_TimestampProvider_Module__state__V  
200022b0  ti_sysbios_gates_GateHwi_Object__table__V                    
200022b4  ti_sysbios_knl_Task_Module_State_0_idleTask__A               
200022b8  ti_sysbios_utils_Load_Module_State_0_runningTask__A          
200022bc  ti_sysbios_utils_Load_Module_State_0_taskStartTime__A        
200022c0  xdc_runtime_Memory_Module__state__V                          
200022c4  ti_sysbios_family_arm_m3_Hwi_Module_State_0_excActive__A     
200022c6  xdc_runtime_Error_Module__state__V                           
2000fd00  __stack                                                      
20010000  __STACK_END                                                  
4000480c  WDTCTL_SYM                                                   
e000e000  ti_sysbios_family_arm_m3_Hwi_nvic                            
ffffffff  __TI_pprof_out_hndl                                          
ffffffff  __TI_prof_data_size                                          
ffffffff  __TI_prof_data_start                                         
ffffffff  __binit__                                                    
ffffffff  __c_args__                                                   
ffffffff  binit                                                        
UNDEFED   SHT$$INIT_ARRAY$$Base                                        
UNDEFED   SHT$$INIT_ARRAY$$Limit                                       

[848 symbols]
